Archive member included because of file (symbol)

C:\ActelProjects\SchoolMIPSActel\SchoolMIPSActel\SoftConsole\MSS1_MSS_CM3\MSS1_MSS_CM3_hw_platform\Debug\libMSS1_MSS_CM3_hw_platform.a(mss_uart.o)
                              ./main.o (g_mss_uart0)
C:\ActelProjects\SchoolMIPSActel\SchoolMIPSActel\SoftConsole\MSS1_MSS_CM3\MSS1_MSS_CM3_hw_platform\Debug\libMSS1_MSS_CM3_hw_platform.a(mss_spi.o)
                              ./main.o (g_mss_spi0)
C:\ActelProjects\SchoolMIPSActel\SchoolMIPSActel\SoftConsole\MSS1_MSS_CM3\MSS1_MSS_CM3_hw_platform\Debug\libMSS1_MSS_CM3_hw_platform.a(mss_gpio.o)
                              ./main.o (MSS_GPIO_init)
C:\ActelProjects\SchoolMIPSActel\SchoolMIPSActel\SoftConsole\MSS1_MSS_CM3\MSS1_MSS_CM3_hw_platform\Debug\libMSS1_MSS_CM3_hw_platform.a(system_m2sxxx.o)
                              C:\ActelProjects\SchoolMIPSActel\SchoolMIPSActel\SoftConsole\MSS1_MSS_CM3\MSS1_MSS_CM3_hw_platform\Debug\libMSS1_MSS_CM3_hw_platform.a(mss_uart.o) (g_FrequencyPCLK0)
c:/program files (x86)/microsemi/softconsole v3.4/sourcery-g++/bin/../lib/gcc/arm-none-eabi/4.4.1/../../../../arm-none-eabi/lib/thumb2\libc.a(lib_a-errno.o)
                              C:/ActelProjects/SchoolMIPSActel/SchoolMIPSActel/SoftConsole/MSS1_MSS_CM3/MSS1_MSS_CM3_hw_platform/Debug/CMSIS/startup_gcc/newlib_stubs.o (__errno)
c:/program files (x86)/microsemi/softconsole v3.4/sourcery-g++/bin/../lib/gcc/arm-none-eabi/4.4.1/../../../../arm-none-eabi/lib/thumb2\libc.a(lib_a-impure.o)
                              c:/program files (x86)/microsemi/softconsole v3.4/sourcery-g++/bin/../lib/gcc/arm-none-eabi/4.4.1/../../../../arm-none-eabi/lib/thumb2\libc.a(lib_a-errno.o) (_impure_ptr)
c:/program files (x86)/microsemi/softconsole v3.4/sourcery-g++/bin/../lib/gcc/arm-none-eabi/4.4.1/../../../../arm-none-eabi/lib/thumb2\libc.a(lib_a-init.o)
                              C:/ActelProjects/SchoolMIPSActel/SchoolMIPSActel/SoftConsole/MSS1_MSS_CM3/MSS1_MSS_CM3_hw_platform/Debug/CMSIS/startup_gcc/startup_m2sxxx.o (__libc_init_array)
c:/program files (x86)/microsemi/softconsole v3.4/sourcery-g++/bin/../lib/gcc/arm-none-eabi/4.4.1/../../../../arm-none-eabi/lib/thumb2\libc.a(lib_a-memset.o)
                              C:\ActelProjects\SchoolMIPSActel\SchoolMIPSActel\SoftConsole\MSS1_MSS_CM3\MSS1_MSS_CM3_hw_platform\Debug\libMSS1_MSS_CM3_hw_platform.a(mss_spi.o) (memset)

Allocating common symbols
Common symbol       size              file

g_mss_spi1          0x84              C:\ActelProjects\SchoolMIPSActel\SchoolMIPSActel\SoftConsole\MSS1_MSS_CM3\MSS1_MSS_CM3_hw_platform\Debug\libMSS1_MSS_CM3_hw_platform.a(mss_spi.o)
commandBuf          0x14              ./main.o
g_mss_uart1         0x40              C:\ActelProjects\SchoolMIPSActel\SchoolMIPSActel\SoftConsole\MSS1_MSS_CM3\MSS1_MSS_CM3_hw_platform\Debug\libMSS1_MSS_CM3_hw_platform.a(mss_uart.o)
g_mss_uart0         0x40              C:\ActelProjects\SchoolMIPSActel\SchoolMIPSActel\SoftConsole\MSS1_MSS_CM3\MSS1_MSS_CM3_hw_platform\Debug\libMSS1_MSS_CM3_hw_platform.a(mss_uart.o)
g_mss_spi0          0x84              C:\ActelProjects\SchoolMIPSActel\SchoolMIPSActel\SoftConsole\MSS1_MSS_CM3\MSS1_MSS_CM3_hw_platform\Debug\libMSS1_MSS_CM3_hw_platform.a(mss_spi.o)
GPIO_Buff           0x4               ./main.o

Discarded input sections

 .text          0x00000000        0x0 c:/program files (x86)/microsemi/softconsole v3.4/sourcery-g++/bin/../lib/gcc/arm-none-eabi/4.4.1/thumb2/crti.o
 .data          0x00000000        0x0 c:/program files (x86)/microsemi/softconsole v3.4/sourcery-g++/bin/../lib/gcc/arm-none-eabi/4.4.1/thumb2/crti.o
 .bss           0x00000000        0x0 c:/program files (x86)/microsemi/softconsole v3.4/sourcery-g++/bin/../lib/gcc/arm-none-eabi/4.4.1/thumb2/crti.o
 .data          0x00000000        0x4 c:/program files (x86)/microsemi/softconsole v3.4/sourcery-g++/bin/../lib/gcc/arm-none-eabi/4.4.1/thumb2/crtbegin.o
 .text          0x00000000        0x0 ./main.o
 .data          0x00000000        0x0 ./main.o
 .bss           0x00000000        0x0 ./main.o
 .bss.commandNumber
                0x00000000        0x1 ./main.o
 .bss.commandReady
                0x00000000        0x1 ./main.o
 .bss.number    0x00000000        0x1 ./main.o
 .bss.GPIO_Value
                0x00000000        0x4 ./main.o
 .text.show_reg
                0x00000000      0x44c ./main.o
 .data.timervalue
                0x00000000        0x4 ./main.o
 .text.one_clock
                0x00000000       0x20 ./main.o
 .text.write    0x00000000      0x220 ./main.o
 .text.read     0x00000000      0x1cc ./main.o
 .text.eiths_clock
                0x00000000      0x1c8 ./main.o
 .text.one_reg  0x00000000      0x2dc ./main.o
 .text.uart0_rx_handler
                0x00000000       0xcc ./main.o
 COMMON         0x00000000       0x18 ./main.o
 .text          0x00000000        0x0 C:/ActelProjects/SchoolMIPSActel/SchoolMIPSActel/SoftConsole/MSS1_MSS_CM3/MSS1_MSS_CM3_hw_platform/Debug/CMSIS/startup_gcc/startup_m2sxxx.o
 .data          0x00000000        0x0 C:/ActelProjects/SchoolMIPSActel/SchoolMIPSActel/SoftConsole/MSS1_MSS_CM3/MSS1_MSS_CM3_hw_platform/Debug/CMSIS/startup_gcc/startup_m2sxxx.o
 .bss           0x00000000        0x0 C:/ActelProjects/SchoolMIPSActel/SchoolMIPSActel/SoftConsole/MSS1_MSS_CM3/MSS1_MSS_CM3_hw_platform/Debug/CMSIS/startup_gcc/startup_m2sxxx.o
 .text          0x00000000        0x0 C:/ActelProjects/SchoolMIPSActel/SchoolMIPSActel/SoftConsole/MSS1_MSS_CM3/MSS1_MSS_CM3_hw_platform/Debug/CMSIS/startup_gcc/newlib_stubs.o
 .data          0x00000000        0x0 C:/ActelProjects/SchoolMIPSActel/SchoolMIPSActel/SoftConsole/MSS1_MSS_CM3/MSS1_MSS_CM3_hw_platform/Debug/CMSIS/startup_gcc/newlib_stubs.o
 .bss           0x00000000        0x0 C:/ActelProjects/SchoolMIPSActel/SchoolMIPSActel/SoftConsole/MSS1_MSS_CM3/MSS1_MSS_CM3_hw_platform/Debug/CMSIS/startup_gcc/newlib_stubs.o
 .bss.__env     0x00000000        0x4 C:/ActelProjects/SchoolMIPSActel/SchoolMIPSActel/SoftConsole/MSS1_MSS_CM3/MSS1_MSS_CM3_hw_platform/Debug/CMSIS/startup_gcc/newlib_stubs.o
 .data.environ  0x00000000        0x4 C:/ActelProjects/SchoolMIPSActel/SchoolMIPSActel/SoftConsole/MSS1_MSS_CM3/MSS1_MSS_CM3_hw_platform/Debug/CMSIS/startup_gcc/newlib_stubs.o
 .text._close   0x00000000       0x18 C:/ActelProjects/SchoolMIPSActel/SchoolMIPSActel/SoftConsole/MSS1_MSS_CM3/MSS1_MSS_CM3_hw_platform/Debug/CMSIS/startup_gcc/newlib_stubs.o
 .text._execve  0x00000000       0x28 C:/ActelProjects/SchoolMIPSActel/SchoolMIPSActel/SoftConsole/MSS1_MSS_CM3/MSS1_MSS_CM3_hw_platform/Debug/CMSIS/startup_gcc/newlib_stubs.o
 .text._exit    0x00000000        0xc C:/ActelProjects/SchoolMIPSActel/SchoolMIPSActel/SoftConsole/MSS1_MSS_CM3/MSS1_MSS_CM3_hw_platform/Debug/CMSIS/startup_gcc/newlib_stubs.o
 .text._fork    0x00000000       0x18 C:/ActelProjects/SchoolMIPSActel/SchoolMIPSActel/SoftConsole/MSS1_MSS_CM3/MSS1_MSS_CM3_hw_platform/Debug/CMSIS/startup_gcc/newlib_stubs.o
 .text._fstat   0x00000000       0x24 C:/ActelProjects/SchoolMIPSActel/SchoolMIPSActel/SoftConsole/MSS1_MSS_CM3/MSS1_MSS_CM3_hw_platform/Debug/CMSIS/startup_gcc/newlib_stubs.o
 .text._getpid  0x00000000       0x10 C:/ActelProjects/SchoolMIPSActel/SchoolMIPSActel/SoftConsole/MSS1_MSS_CM3/MSS1_MSS_CM3_hw_platform/Debug/CMSIS/startup_gcc/newlib_stubs.o
 .text._isatty  0x00000000       0x18 C:/ActelProjects/SchoolMIPSActel/SchoolMIPSActel/SoftConsole/MSS1_MSS_CM3/MSS1_MSS_CM3_hw_platform/Debug/CMSIS/startup_gcc/newlib_stubs.o
 .text._kill    0x00000000       0x24 C:/ActelProjects/SchoolMIPSActel/SchoolMIPSActel/SoftConsole/MSS1_MSS_CM3/MSS1_MSS_CM3_hw_platform/Debug/CMSIS/startup_gcc/newlib_stubs.o
 .text._link    0x00000000       0x24 C:/ActelProjects/SchoolMIPSActel/SchoolMIPSActel/SoftConsole/MSS1_MSS_CM3/MSS1_MSS_CM3_hw_platform/Debug/CMSIS/startup_gcc/newlib_stubs.o
 .text._lseek   0x00000000       0x1c C:/ActelProjects/SchoolMIPSActel/SchoolMIPSActel/SoftConsole/MSS1_MSS_CM3/MSS1_MSS_CM3_hw_platform/Debug/CMSIS/startup_gcc/newlib_stubs.o
 .text._open    0x00000000       0x1c C:/ActelProjects/SchoolMIPSActel/SchoolMIPSActel/SoftConsole/MSS1_MSS_CM3/MSS1_MSS_CM3_hw_platform/Debug/CMSIS/startup_gcc/newlib_stubs.o
 .text._read    0x00000000       0x1c C:/ActelProjects/SchoolMIPSActel/SchoolMIPSActel/SoftConsole/MSS1_MSS_CM3/MSS1_MSS_CM3_hw_platform/Debug/CMSIS/startup_gcc/newlib_stubs.o
 .text._write_r
                0x00000000       0x20 C:/ActelProjects/SchoolMIPSActel/SchoolMIPSActel/SoftConsole/MSS1_MSS_CM3/MSS1_MSS_CM3_hw_platform/Debug/CMSIS/startup_gcc/newlib_stubs.o
 .rodata        0x00000000       0x30 C:/ActelProjects/SchoolMIPSActel/SchoolMIPSActel/SoftConsole/MSS1_MSS_CM3/MSS1_MSS_CM3_hw_platform/Debug/CMSIS/startup_gcc/newlib_stubs.o
 .text._sbrk    0x00000000       0xe4 C:/ActelProjects/SchoolMIPSActel/SchoolMIPSActel/SoftConsole/MSS1_MSS_CM3/MSS1_MSS_CM3_hw_platform/Debug/CMSIS/startup_gcc/newlib_stubs.o
 .text._stat    0x00000000       0x24 C:/ActelProjects/SchoolMIPSActel/SchoolMIPSActel/SoftConsole/MSS1_MSS_CM3/MSS1_MSS_CM3_hw_platform/Debug/CMSIS/startup_gcc/newlib_stubs.o
 .text._times   0x00000000       0x18 C:/ActelProjects/SchoolMIPSActel/SchoolMIPSActel/SoftConsole/MSS1_MSS_CM3/MSS1_MSS_CM3_hw_platform/Debug/CMSIS/startup_gcc/newlib_stubs.o
 .text._unlink  0x00000000       0x24 C:/ActelProjects/SchoolMIPSActel/SchoolMIPSActel/SoftConsole/MSS1_MSS_CM3/MSS1_MSS_CM3_hw_platform/Debug/CMSIS/startup_gcc/newlib_stubs.o
 .text._wait    0x00000000       0x24 C:/ActelProjects/SchoolMIPSActel/SchoolMIPSActel/SoftConsole/MSS1_MSS_CM3/MSS1_MSS_CM3_hw_platform/Debug/CMSIS/startup_gcc/newlib_stubs.o
 .bss.heap_end.2220
                0x00000000        0x4 C:/ActelProjects/SchoolMIPSActel/SchoolMIPSActel/SoftConsole/MSS1_MSS_CM3/MSS1_MSS_CM3_hw_platform/Debug/CMSIS/startup_gcc/newlib_stubs.o
 .text          0x00000000        0x0 C:\ActelProjects\SchoolMIPSActel\SchoolMIPSActel\SoftConsole\MSS1_MSS_CM3\MSS1_MSS_CM3_hw_platform\Debug\libMSS1_MSS_CM3_hw_platform.a(mss_uart.o)
 .data          0x00000000        0x0 C:\ActelProjects\SchoolMIPSActel\SchoolMIPSActel\SoftConsole\MSS1_MSS_CM3\MSS1_MSS_CM3_hw_platform\Debug\libMSS1_MSS_CM3_hw_platform.a(mss_uart.o)
 .bss           0x00000000        0x0 C:\ActelProjects\SchoolMIPSActel\SchoolMIPSActel\SoftConsole\MSS1_MSS_CM3\MSS1_MSS_CM3_hw_platform\Debug\libMSS1_MSS_CM3_hw_platform.a(mss_uart.o)
 .text.NVIC_EnableIRQ
                0x00000000       0x38 C:\ActelProjects\SchoolMIPSActel\SchoolMIPSActel\SoftConsole\MSS1_MSS_CM3\MSS1_MSS_CM3_hw_platform\Debug\libMSS1_MSS_CM3_hw_platform.a(mss_uart.o)
 .text.NVIC_DisableIRQ
                0x00000000       0x3c C:\ActelProjects\SchoolMIPSActel\SchoolMIPSActel\SoftConsole\MSS1_MSS_CM3\MSS1_MSS_CM3_hw_platform\Debug\libMSS1_MSS_CM3_hw_platform.a(mss_uart.o)
 .text.MSS_UART_lin_init
                0x00000000       0x78 C:\ActelProjects\SchoolMIPSActel\SchoolMIPSActel\SoftConsole\MSS1_MSS_CM3\MSS1_MSS_CM3_hw_platform\Debug\libMSS1_MSS_CM3_hw_platform.a(mss_uart.o)
 .text.MSS_UART_irda_init
                0x00000000       0xfc C:\ActelProjects\SchoolMIPSActel\SchoolMIPSActel\SoftConsole\MSS1_MSS_CM3\MSS1_MSS_CM3_hw_platform\Debug\libMSS1_MSS_CM3_hw_platform.a(mss_uart.o)
 .text.MSS_UART_smartcard_init
                0x00000000       0x94 C:\ActelProjects\SchoolMIPSActel\SchoolMIPSActel\SoftConsole\MSS1_MSS_CM3\MSS1_MSS_CM3_hw_platform\Debug\libMSS1_MSS_CM3_hw_platform.a(mss_uart.o)
 .text.MSS_UART_polled_tx
                0x00000000       0xe4 C:\ActelProjects\SchoolMIPSActel\SchoolMIPSActel\SoftConsole\MSS1_MSS_CM3\MSS1_MSS_CM3_hw_platform\Debug\libMSS1_MSS_CM3_hw_platform.a(mss_uart.o)
 .text.MSS_UART_irq_tx
                0x00000000       0xb4 C:\ActelProjects\SchoolMIPSActel\SchoolMIPSActel\SoftConsole\MSS1_MSS_CM3\MSS1_MSS_CM3_hw_platform\Debug\libMSS1_MSS_CM3_hw_platform.a(mss_uart.o)
 .text.MSS_UART_tx_complete
                0x00000000       0x90 C:\ActelProjects\SchoolMIPSActel\SchoolMIPSActel\SoftConsole\MSS1_MSS_CM3\MSS1_MSS_CM3_hw_platform\Debug\libMSS1_MSS_CM3_hw_platform.a(mss_uart.o)
 .text.MSS_UART_get_rx
                0x00000000       0xdc C:\ActelProjects\SchoolMIPSActel\SchoolMIPSActel\SoftConsole\MSS1_MSS_CM3\MSS1_MSS_CM3_hw_platform\Debug\libMSS1_MSS_CM3_hw_platform.a(mss_uart.o)
 .text.MSS_UART_enable_irq
                0x00000000       0xbc C:\ActelProjects\SchoolMIPSActel\SchoolMIPSActel\SoftConsole\MSS1_MSS_CM3\MSS1_MSS_CM3_hw_platform\Debug\libMSS1_MSS_CM3_hw_platform.a(mss_uart.o)
 .text.MSS_UART_disable_irq
                0x00000000       0xb8 C:\ActelProjects\SchoolMIPSActel\SchoolMIPSActel\SoftConsole\MSS1_MSS_CM3\MSS1_MSS_CM3_hw_platform\Debug\libMSS1_MSS_CM3_hw_platform.a(mss_uart.o)
 .text.MSS_UART_set_rx_handler
                0x00000000       0xc0 C:\ActelProjects\SchoolMIPSActel\SchoolMIPSActel\SoftConsole\MSS1_MSS_CM3\MSS1_MSS_CM3_hw_platform\Debug\libMSS1_MSS_CM3_hw_platform.a(mss_uart.o)
 .text.MSS_UART_set_loopback
                0x00000000       0xec C:\ActelProjects\SchoolMIPSActel\SchoolMIPSActel\SoftConsole\MSS1_MSS_CM3\MSS1_MSS_CM3_hw_platform\Debug\libMSS1_MSS_CM3_hw_platform.a(mss_uart.o)
 .text.MSS_UART_set_rxstatus_handler
                0x00000000       0x8c C:\ActelProjects\SchoolMIPSActel\SchoolMIPSActel\SoftConsole\MSS1_MSS_CM3\MSS1_MSS_CM3_hw_platform\Debug\libMSS1_MSS_CM3_hw_platform.a(mss_uart.o)
 .text.MSS_UART_set_tx_handler
                0x00000000       0x9c C:\ActelProjects\SchoolMIPSActel\SchoolMIPSActel\SoftConsole\MSS1_MSS_CM3\MSS1_MSS_CM3_hw_platform\Debug\libMSS1_MSS_CM3_hw_platform.a(mss_uart.o)
 .text.MSS_UART_set_modemstatus_handler
                0x00000000       0x8c C:\ActelProjects\SchoolMIPSActel\SchoolMIPSActel\SoftConsole\MSS1_MSS_CM3\MSS1_MSS_CM3_hw_platform\Debug\libMSS1_MSS_CM3_hw_platform.a(mss_uart.o)
 .text.MSS_UART_fill_tx_fifo
                0x00000000       0xd4 C:\ActelProjects\SchoolMIPSActel\SchoolMIPSActel\SoftConsole\MSS1_MSS_CM3\MSS1_MSS_CM3_hw_platform\Debug\libMSS1_MSS_CM3_hw_platform.a(mss_uart.o)
 .text.MSS_UART_get_rx_status
                0x00000000       0x80 C:\ActelProjects\SchoolMIPSActel\SchoolMIPSActel\SoftConsole\MSS1_MSS_CM3\MSS1_MSS_CM3_hw_platform\Debug\libMSS1_MSS_CM3_hw_platform.a(mss_uart.o)
 .text.MSS_UART_get_modem_status
                0x00000000       0x60 C:\ActelProjects\SchoolMIPSActel\SchoolMIPSActel\SoftConsole\MSS1_MSS_CM3\MSS1_MSS_CM3_hw_platform\Debug\libMSS1_MSS_CM3_hw_platform.a(mss_uart.o)
 .text.MSS_UART_get_tx_status
                0x00000000       0x78 C:\ActelProjects\SchoolMIPSActel\SchoolMIPSActel\SoftConsole\MSS1_MSS_CM3\MSS1_MSS_CM3_hw_platform\Debug\libMSS1_MSS_CM3_hw_platform.a(mss_uart.o)
 .text.MSS_UART_set_break
                0x00000000       0x5c C:\ActelProjects\SchoolMIPSActel\SchoolMIPSActel\SoftConsole\MSS1_MSS_CM3\MSS1_MSS_CM3_hw_platform\Debug\libMSS1_MSS_CM3_hw_platform.a(mss_uart.o)
 .text.MSS_UART_clear_break
                0x00000000       0x5c C:\ActelProjects\SchoolMIPSActel\SchoolMIPSActel\SoftConsole\MSS1_MSS_CM3\MSS1_MSS_CM3_hw_platform\Debug\libMSS1_MSS_CM3_hw_platform.a(mss_uart.o)
 .text.MSS_UART_set_pidpei_handler
                0x00000000       0x8c C:\ActelProjects\SchoolMIPSActel\SchoolMIPSActel\SoftConsole\MSS1_MSS_CM3\MSS1_MSS_CM3_hw_platform\Debug\libMSS1_MSS_CM3_hw_platform.a(mss_uart.o)
 .text.MSS_UART_set_linbreak_handler
                0x00000000       0x8c C:\ActelProjects\SchoolMIPSActel\SchoolMIPSActel\SoftConsole\MSS1_MSS_CM3\MSS1_MSS_CM3_hw_platform\Debug\libMSS1_MSS_CM3_hw_platform.a(mss_uart.o)
 .text.MSS_UART_set_linsync_handler
                0x00000000       0x8c C:\ActelProjects\SchoolMIPSActel\SchoolMIPSActel\SoftConsole\MSS1_MSS_CM3\MSS1_MSS_CM3_hw_platform\Debug\libMSS1_MSS_CM3_hw_platform.a(mss_uart.o)
 .text.MSS_UART_set_nack_handler
                0x00000000       0x8c C:\ActelProjects\SchoolMIPSActel\SchoolMIPSActel\SoftConsole\MSS1_MSS_CM3\MSS1_MSS_CM3_hw_platform\Debug\libMSS1_MSS_CM3_hw_platform.a(mss_uart.o)
 .text.MSS_UART_set_rx_timeout_handler
                0x00000000       0x8c C:\ActelProjects\SchoolMIPSActel\SchoolMIPSActel\SoftConsole\MSS1_MSS_CM3\MSS1_MSS_CM3_hw_platform\Debug\libMSS1_MSS_CM3_hw_platform.a(mss_uart.o)
 .text.MSS_UART_enable_half_duplex
                0x00000000       0x5c C:\ActelProjects\SchoolMIPSActel\SchoolMIPSActel\SoftConsole\MSS1_MSS_CM3\MSS1_MSS_CM3_hw_platform\Debug\libMSS1_MSS_CM3_hw_platform.a(mss_uart.o)
 .text.MSS_UART_disable_half_duplex
                0x00000000       0x5c C:\ActelProjects\SchoolMIPSActel\SchoolMIPSActel\SoftConsole\MSS1_MSS_CM3\MSS1_MSS_CM3_hw_platform\Debug\libMSS1_MSS_CM3_hw_platform.a(mss_uart.o)
 .text.MSS_UART_set_rx_endian
                0x00000000       0x88 C:\ActelProjects\SchoolMIPSActel\SchoolMIPSActel\SoftConsole\MSS1_MSS_CM3\MSS1_MSS_CM3_hw_platform\Debug\libMSS1_MSS_CM3_hw_platform.a(mss_uart.o)
 .text.MSS_UART_set_tx_endian
                0x00000000       0x88 C:\ActelProjects\SchoolMIPSActel\SchoolMIPSActel\SoftConsole\MSS1_MSS_CM3\MSS1_MSS_CM3_hw_platform\Debug\libMSS1_MSS_CM3_hw_platform.a(mss_uart.o)
 .text.MSS_UART_set_filter_length
                0x00000000       0x68 C:\ActelProjects\SchoolMIPSActel\SchoolMIPSActel\SoftConsole\MSS1_MSS_CM3\MSS1_MSS_CM3_hw_platform\Debug\libMSS1_MSS_CM3_hw_platform.a(mss_uart.o)
 .text.MSS_UART_enable_afm
                0x00000000       0x5c C:\ActelProjects\SchoolMIPSActel\SchoolMIPSActel\SoftConsole\MSS1_MSS_CM3\MSS1_MSS_CM3_hw_platform\Debug\libMSS1_MSS_CM3_hw_platform.a(mss_uart.o)
 .text.MSS_UART_disable_afm
                0x00000000       0x5c C:\ActelProjects\SchoolMIPSActel\SchoolMIPSActel\SoftConsole\MSS1_MSS_CM3\MSS1_MSS_CM3_hw_platform\Debug\libMSS1_MSS_CM3_hw_platform.a(mss_uart.o)
 .text.MSS_UART_enable_afclear
                0x00000000       0x5c C:\ActelProjects\SchoolMIPSActel\SchoolMIPSActel\SoftConsole\MSS1_MSS_CM3\MSS1_MSS_CM3_hw_platform\Debug\libMSS1_MSS_CM3_hw_platform.a(mss_uart.o)
 .text.MSS_UART_disable_afclear
                0x00000000       0x5c C:\ActelProjects\SchoolMIPSActel\SchoolMIPSActel\SoftConsole\MSS1_MSS_CM3\MSS1_MSS_CM3_hw_platform\Debug\libMSS1_MSS_CM3_hw_platform.a(mss_uart.o)
 .text.MSS_UART_enable_rx_timeout
                0x00000000       0x6c C:\ActelProjects\SchoolMIPSActel\SchoolMIPSActel\SoftConsole\MSS1_MSS_CM3\MSS1_MSS_CM3_hw_platform\Debug\libMSS1_MSS_CM3_hw_platform.a(mss_uart.o)
 .text.MSS_UART_disable_rx_timeout
                0x00000000       0x5c C:\ActelProjects\SchoolMIPSActel\SchoolMIPSActel\SoftConsole\MSS1_MSS_CM3\MSS1_MSS_CM3_hw_platform\Debug\libMSS1_MSS_CM3_hw_platform.a(mss_uart.o)
 .text.MSS_UART_enable_tx_time_guard
                0x00000000       0x6c C:\ActelProjects\SchoolMIPSActel\SchoolMIPSActel\SoftConsole\MSS1_MSS_CM3\MSS1_MSS_CM3_hw_platform\Debug\libMSS1_MSS_CM3_hw_platform.a(mss_uart.o)
 .text.MSS_UART_disable_tx_time_guard
                0x00000000       0x5c C:\ActelProjects\SchoolMIPSActel\SchoolMIPSActel\SoftConsole\MSS1_MSS_CM3\MSS1_MSS_CM3_hw_platform\Debug\libMSS1_MSS_CM3_hw_platform.a(mss_uart.o)
 .text.MSS_UART_set_address
                0x00000000       0x5c C:\ActelProjects\SchoolMIPSActel\SchoolMIPSActel\SoftConsole\MSS1_MSS_CM3\MSS1_MSS_CM3_hw_platform\Debug\libMSS1_MSS_CM3_hw_platform.a(mss_uart.o)
 .text.MSS_UART_set_ready_mode
                0x00000000       0x88 C:\ActelProjects\SchoolMIPSActel\SchoolMIPSActel\SoftConsole\MSS1_MSS_CM3\MSS1_MSS_CM3_hw_platform\Debug\libMSS1_MSS_CM3_hw_platform.a(mss_uart.o)
 .text.MSS_UART_set_usart_mode
                0x00000000       0x90 C:\ActelProjects\SchoolMIPSActel\SchoolMIPSActel\SoftConsole\MSS1_MSS_CM3\MSS1_MSS_CM3_hw_platform\Debug\libMSS1_MSS_CM3_hw_platform.a(mss_uart.o)
 .text          0x00000000        0x0 C:\ActelProjects\SchoolMIPSActel\SchoolMIPSActel\SoftConsole\MSS1_MSS_CM3\MSS1_MSS_CM3_hw_platform\Debug\libMSS1_MSS_CM3_hw_platform.a(mss_spi.o)
 .data          0x00000000        0x0 C:\ActelProjects\SchoolMIPSActel\SchoolMIPSActel\SoftConsole\MSS1_MSS_CM3\MSS1_MSS_CM3_hw_platform\Debug\libMSS1_MSS_CM3_hw_platform.a(mss_spi.o)
 .bss           0x00000000        0x0 C:\ActelProjects\SchoolMIPSActel\SchoolMIPSActel\SoftConsole\MSS1_MSS_CM3\MSS1_MSS_CM3_hw_platform\Debug\libMSS1_MSS_CM3_hw_platform.a(mss_spi.o)
 .text.MSS_SPI_configure_slave_mode
                0x00000000       0xd0 C:\ActelProjects\SchoolMIPSActel\SchoolMIPSActel\SoftConsole\MSS1_MSS_CM3\MSS1_MSS_CM3_hw_platform\Debug\libMSS1_MSS_CM3_hw_platform.a(mss_spi.o)
 .text.MSS_SPI_set_slave_select
                0x00000000      0x108 C:\ActelProjects\SchoolMIPSActel\SchoolMIPSActel\SoftConsole\MSS1_MSS_CM3\MSS1_MSS_CM3_hw_platform\Debug\libMSS1_MSS_CM3_hw_platform.a(mss_spi.o)
 .text.MSS_SPI_clear_slave_select
                0x00000000       0x90 C:\ActelProjects\SchoolMIPSActel\SchoolMIPSActel\SoftConsole\MSS1_MSS_CM3\MSS1_MSS_CM3_hw_platform\Debug\libMSS1_MSS_CM3_hw_platform.a(mss_spi.o)
 .text.MSS_SPI_transfer_frame
                0x00000000       0xc0 C:\ActelProjects\SchoolMIPSActel\SchoolMIPSActel\SoftConsole\MSS1_MSS_CM3\MSS1_MSS_CM3_hw_platform\Debug\libMSS1_MSS_CM3_hw_platform.a(mss_spi.o)
 .text.MSS_SPI_transfer_block
                0x00000000      0x228 C:\ActelProjects\SchoolMIPSActel\SchoolMIPSActel\SoftConsole\MSS1_MSS_CM3\MSS1_MSS_CM3_hw_platform\Debug\libMSS1_MSS_CM3_hw_platform.a(mss_spi.o)
 .text.MSS_SPI_set_frame_rx_handler
                0x00000000       0xf0 C:\ActelProjects\SchoolMIPSActel\SchoolMIPSActel\SoftConsole\MSS1_MSS_CM3\MSS1_MSS_CM3_hw_platform\Debug\libMSS1_MSS_CM3_hw_platform.a(mss_spi.o)
 .text.MSS_SPI_set_slave_tx_frame
                0x00000000      0x110 C:\ActelProjects\SchoolMIPSActel\SchoolMIPSActel\SoftConsole\MSS1_MSS_CM3\MSS1_MSS_CM3_hw_platform\Debug\libMSS1_MSS_CM3_hw_platform.a(mss_spi.o)
 .text.MSS_SPI_set_slave_block_buffers
                0x00000000      0x23c C:\ActelProjects\SchoolMIPSActel\SchoolMIPSActel\SoftConsole\MSS1_MSS_CM3\MSS1_MSS_CM3_hw_platform\Debug\libMSS1_MSS_CM3_hw_platform.a(mss_spi.o)
 .text.MSS_SPI_set_cmd_handler
                0x00000000       0xc4 C:\ActelProjects\SchoolMIPSActel\SchoolMIPSActel\SoftConsole\MSS1_MSS_CM3\MSS1_MSS_CM3_hw_platform\Debug\libMSS1_MSS_CM3_hw_platform.a(mss_spi.o)
 .text.MSS_SPI_set_cmd_response
                0x00000000       0x38 C:\ActelProjects\SchoolMIPSActel\SchoolMIPSActel\SoftConsole\MSS1_MSS_CM3\MSS1_MSS_CM3_hw_platform\Debug\libMSS1_MSS_CM3_hw_platform.a(mss_spi.o)
 .text.MSS_SPI_enable
                0x00000000       0x38 C:\ActelProjects\SchoolMIPSActel\SchoolMIPSActel\SoftConsole\MSS1_MSS_CM3\MSS1_MSS_CM3_hw_platform\Debug\libMSS1_MSS_CM3_hw_platform.a(mss_spi.o)
 .text.MSS_SPI_disable
                0x00000000       0x38 C:\ActelProjects\SchoolMIPSActel\SchoolMIPSActel\SoftConsole\MSS1_MSS_CM3\MSS1_MSS_CM3_hw_platform\Debug\libMSS1_MSS_CM3_hw_platform.a(mss_spi.o)
 .text.MSS_SPI_set_transfer_byte_count
                0x00000000       0x84 C:\ActelProjects\SchoolMIPSActel\SchoolMIPSActel\SoftConsole\MSS1_MSS_CM3\MSS1_MSS_CM3_hw_platform\Debug\libMSS1_MSS_CM3_hw_platform.a(mss_spi.o)
 .text.MSS_SPI_tx_done
                0x00000000       0x24 C:\ActelProjects\SchoolMIPSActel\SchoolMIPSActel\SoftConsole\MSS1_MSS_CM3\MSS1_MSS_CM3_hw_platform\Debug\libMSS1_MSS_CM3_hw_platform.a(mss_spi.o)
 .text          0x00000000        0x0 C:\ActelProjects\SchoolMIPSActel\SchoolMIPSActel\SoftConsole\MSS1_MSS_CM3\MSS1_MSS_CM3_hw_platform\Debug\libMSS1_MSS_CM3_hw_platform.a(mss_gpio.o)
 .data          0x00000000        0x0 C:\ActelProjects\SchoolMIPSActel\SchoolMIPSActel\SoftConsole\MSS1_MSS_CM3\MSS1_MSS_CM3_hw_platform\Debug\libMSS1_MSS_CM3_hw_platform.a(mss_gpio.o)
 .bss           0x00000000        0x0 C:\ActelProjects\SchoolMIPSActel\SchoolMIPSActel\SoftConsole\MSS1_MSS_CM3\MSS1_MSS_CM3_hw_platform\Debug\libMSS1_MSS_CM3_hw_platform.a(mss_gpio.o)
 .text.NVIC_EnableIRQ
                0x00000000       0x38 C:\ActelProjects\SchoolMIPSActel\SchoolMIPSActel\SoftConsole\MSS1_MSS_CM3\MSS1_MSS_CM3_hw_platform\Debug\libMSS1_MSS_CM3_hw_platform.a(mss_gpio.o)
 .text.MSS_GPIO_drive_inout
                0x00000000      0x128 C:\ActelProjects\SchoolMIPSActel\SchoolMIPSActel\SoftConsole\MSS1_MSS_CM3\MSS1_MSS_CM3_hw_platform\Debug\libMSS1_MSS_CM3_hw_platform.a(mss_gpio.o)
 .text.MSS_GPIO_enable_irq
                0x00000000       0x60 C:\ActelProjects\SchoolMIPSActel\SchoolMIPSActel\SoftConsole\MSS1_MSS_CM3\MSS1_MSS_CM3_hw_platform\Debug\libMSS1_MSS_CM3_hw_platform.a(mss_gpio.o)
 .text.MSS_GPIO_disable_irq
                0x00000000       0x50 C:\ActelProjects\SchoolMIPSActel\SchoolMIPSActel\SoftConsole\MSS1_MSS_CM3\MSS1_MSS_CM3_hw_platform\Debug\libMSS1_MSS_CM3_hw_platform.a(mss_gpio.o)
 .text.MSS_GPIO_clear_irq
                0x00000000       0x40 C:\ActelProjects\SchoolMIPSActel\SchoolMIPSActel\SoftConsole\MSS1_MSS_CM3\MSS1_MSS_CM3_hw_platform\Debug\libMSS1_MSS_CM3_hw_platform.a(mss_gpio.o)
 .text          0x00000000        0x0 C:\ActelProjects\SchoolMIPSActel\SchoolMIPSActel\SoftConsole\MSS1_MSS_CM3\MSS1_MSS_CM3_hw_platform\Debug\libMSS1_MSS_CM3_hw_platform.a(system_m2sxxx.o)
 .data          0x00000000        0x0 C:\ActelProjects\SchoolMIPSActel\SchoolMIPSActel\SoftConsole\MSS1_MSS_CM3\MSS1_MSS_CM3_hw_platform\Debug\libMSS1_MSS_CM3_hw_platform.a(system_m2sxxx.o)
 .bss           0x00000000        0x0 C:\ActelProjects\SchoolMIPSActel\SchoolMIPSActel\SoftConsole\MSS1_MSS_CM3\MSS1_MSS_CM3_hw_platform\Debug\libMSS1_MSS_CM3_hw_platform.a(system_m2sxxx.o)
 .text          0x00000000        0xc c:/program files (x86)/microsemi/softconsole v3.4/sourcery-g++/bin/../lib/gcc/arm-none-eabi/4.4.1/../../../../arm-none-eabi/lib/thumb2\libc.a(lib_a-errno.o)
 .data          0x00000000        0x0 c:/program files (x86)/microsemi/softconsole v3.4/sourcery-g++/bin/../lib/gcc/arm-none-eabi/4.4.1/../../../../arm-none-eabi/lib/thumb2\libc.a(lib_a-errno.o)
 .bss           0x00000000        0x0 c:/program files (x86)/microsemi/softconsole v3.4/sourcery-g++/bin/../lib/gcc/arm-none-eabi/4.4.1/../../../../arm-none-eabi/lib/thumb2\libc.a(lib_a-errno.o)
 .text          0x00000000        0x0 c:/program files (x86)/microsemi/softconsole v3.4/sourcery-g++/bin/../lib/gcc/arm-none-eabi/4.4.1/../../../../arm-none-eabi/lib/thumb2\libc.a(lib_a-impure.o)
 .data          0x00000000       0xf4 c:/program files (x86)/microsemi/softconsole v3.4/sourcery-g++/bin/../lib/gcc/arm-none-eabi/4.4.1/../../../../arm-none-eabi/lib/thumb2\libc.a(lib_a-impure.o)
 .bss           0x00000000        0x0 c:/program files (x86)/microsemi/softconsole v3.4/sourcery-g++/bin/../lib/gcc/arm-none-eabi/4.4.1/../../../../arm-none-eabi/lib/thumb2\libc.a(lib_a-impure.o)
 .rodata        0x00000000        0x4 c:/program files (x86)/microsemi/softconsole v3.4/sourcery-g++/bin/../lib/gcc/arm-none-eabi/4.4.1/../../../../arm-none-eabi/lib/thumb2\libc.a(lib_a-impure.o)
 .rodata.str1.4
                0x00000000        0x4 c:/program files (x86)/microsemi/softconsole v3.4/sourcery-g++/bin/../lib/gcc/arm-none-eabi/4.4.1/../../../../arm-none-eabi/lib/thumb2\libc.a(lib_a-impure.o)
 .data          0x00000000        0x0 c:/program files (x86)/microsemi/softconsole v3.4/sourcery-g++/bin/../lib/gcc/arm-none-eabi/4.4.1/../../../../arm-none-eabi/lib/thumb2\libc.a(lib_a-init.o)
 .bss           0x00000000        0x0 c:/program files (x86)/microsemi/softconsole v3.4/sourcery-g++/bin/../lib/gcc/arm-none-eabi/4.4.1/../../../../arm-none-eabi/lib/thumb2\libc.a(lib_a-init.o)
 .data          0x00000000        0x0 c:/program files (x86)/microsemi/softconsole v3.4/sourcery-g++/bin/../lib/gcc/arm-none-eabi/4.4.1/../../../../arm-none-eabi/lib/thumb2\libc.a(lib_a-memset.o)
 .bss           0x00000000        0x0 c:/program files (x86)/microsemi/softconsole v3.4/sourcery-g++/bin/../lib/gcc/arm-none-eabi/4.4.1/../../../../arm-none-eabi/lib/thumb2\libc.a(lib_a-memset.o)
 .text          0x00000000        0x0 c:/program files (x86)/microsemi/softconsole v3.4/sourcery-g++/bin/../lib/gcc/arm-none-eabi/4.4.1/thumb2/crtend.o
 .data          0x00000000        0x0 c:/program files (x86)/microsemi/softconsole v3.4/sourcery-g++/bin/../lib/gcc/arm-none-eabi/4.4.1/thumb2/crtend.o
 .bss           0x00000000        0x0 c:/program files (x86)/microsemi/softconsole v3.4/sourcery-g++/bin/../lib/gcc/arm-none-eabi/4.4.1/thumb2/crtend.o
 .text          0x00000000        0x0 c:/program files (x86)/microsemi/softconsole v3.4/sourcery-g++/bin/../lib/gcc/arm-none-eabi/4.4.1/thumb2/crtn.o
 .data          0x00000000        0x0 c:/program files (x86)/microsemi/softconsole v3.4/sourcery-g++/bin/../lib/gcc/arm-none-eabi/4.4.1/thumb2/crtn.o
 .bss           0x00000000        0x0 c:/program files (x86)/microsemi/softconsole v3.4/sourcery-g++/bin/../lib/gcc/arm-none-eabi/4.4.1/thumb2/crtn.o

Memory Configuration

Name             Origin             Length             Attributes
ram              0x20000000         0x00010000         xrw
*default*        0x00000000         0xffffffff

Linker script and memory map

LOAD c:/program files (x86)/microsemi/softconsole v3.4/sourcery-g++/bin/../lib/gcc/arm-none-eabi/4.4.1/thumb2/crti.o
LOAD c:/program files (x86)/microsemi/softconsole v3.4/sourcery-g++/bin/../lib/gcc/arm-none-eabi/4.4.1/thumb2/crtbegin.o
LOAD ./main.o
LOAD C:/ActelProjects/SchoolMIPSActel/SchoolMIPSActel/SoftConsole/MSS1_MSS_CM3/MSS1_MSS_CM3_hw_platform/Debug/CMSIS/startup_gcc/startup_m2sxxx.o
LOAD C:/ActelProjects/SchoolMIPSActel/SchoolMIPSActel/SoftConsole/MSS1_MSS_CM3/MSS1_MSS_CM3_hw_platform/Debug/CMSIS/startup_gcc/newlib_stubs.o
LOAD C:\ActelProjects\SchoolMIPSActel\SchoolMIPSActel\SoftConsole\MSS1_MSS_CM3\MSS1_MSS_CM3_hw_platform\Debug\libMSS1_MSS_CM3_hw_platform.a
START GROUP
LOAD c:/program files (x86)/microsemi/softconsole v3.4/sourcery-g++/bin/../lib/gcc/arm-none-eabi/4.4.1/thumb2\libgcc.a
LOAD c:/program files (x86)/microsemi/softconsole v3.4/sourcery-g++/bin/../lib/gcc/arm-none-eabi/4.4.1/../../../../arm-none-eabi/lib/thumb2\libc.a
END GROUP
LOAD c:/program files (x86)/microsemi/softconsole v3.4/sourcery-g++/bin/../lib/gcc/arm-none-eabi/4.4.1/thumb2/crtend.o
LOAD c:/program files (x86)/microsemi/softconsole v3.4/sourcery-g++/bin/../lib/gcc/arm-none-eabi/4.4.1/thumb2/crtn.o
START GROUP
LOAD c:/program files (x86)/microsemi/softconsole v3.4/sourcery-g++/bin/../lib/gcc/arm-none-eabi/4.4.1/../../../../arm-none-eabi/lib/thumb2\libc.a
LOAD c:/program files (x86)/microsemi/softconsole v3.4/sourcery-g++/bin/../lib/gcc/arm-none-eabi/4.4.1/thumb2\libgcc.a
LOAD c:/program files (x86)/microsemi/softconsole v3.4/sourcery-g++/bin/../lib/gcc/arm-none-eabi/4.4.1/../../../../arm-none-eabi/lib/thumb2\libm.a
END GROUP
                0x00000000                __DYNAMIC = 0x0
                0x20000000                RAM_START_ADDRESS = 0x20000000
                0x00010000                RAM_SIZE = 0x10000
                0x00001000                MAIN_STACK_SIZE = 0x1000
                0x00001000                MIN_SIZE_HEAP = 0x1000
                0x20010000                PROVIDE (__main_stack_start, (RAM_START_ADDRESS + RAM_SIZE))
                0x20010000                PROVIDE (_estack, __main_stack_start)
                0x00000000                PROVIDE (__mirrored_nvm, 0x0)
                0x00000000                PROVIDE (__smartfusion2_memory_remap, 0x0)

.vector_table   0x20000000      0x190
                0x20000000                __vector_table_load = LOADADDR (.vector_table)
                0x20000000                __vector_table_start = .
                0x20000000                __vector_table_vma_base_address = .
 *(.isr_vector)
 .isr_vector    0x20000000      0x190 C:/ActelProjects/SchoolMIPSActel/SchoolMIPSActel/SoftConsole/MSS1_MSS_CM3/MSS1_MSS_CM3_hw_platform/Debug/CMSIS/startup_gcc/startup_m2sxxx.o
                0x20000000                g_pfnVectors
                0x20000190                . = ALIGN (0x10)
                0x20000190                _evector_table = .

.boot_code      0x20000190      0x330
 *(.boot_code)
 .boot_code     0x20000190      0x330 C:/ActelProjects/SchoolMIPSActel/SchoolMIPSActel/SoftConsole/MSS1_MSS_CM3/MSS1_MSS_CM3_hw_platform/Debug/CMSIS/startup_gcc/startup_m2sxxx.o
                0x20000190                Reset_Handler
                0x2000037e                NMI_Handler
                0x20000380                HardFault_Handler
                0x20000382                MemManage_Handler
                0x20000384                BusFault_Handler
                0x20000386                UsageFault_Handler
                0x20000388                SVC_Handler
                0x2000038a                DebugMon_Handler
                0x2000038c                PendSV_Handler
                0x2000038e                SysTick_Handler
                0x20000390                WdogWakeup_IRQHandler
                0x20000392                RTC_Wakeup_IRQHandler
                0x20000398                I2C0_IRQHandler
                0x2000039a                I2C0_SMBAlert_IRQHandler
                0x2000039c                I2C0_SMBus_IRQHandler
                0x2000039e                I2C1_IRQHandler
                0x200003a0                I2C1_SMBAlert_IRQHandler
                0x200003a2                I2C1_SMBus_IRQHandler
                0x200003a8                EthernetMAC_IRQHandler
                0x200003aa                DMA_IRQHandler
                0x200003ac                Timer1_IRQHandler
                0x200003ae                Timer2_IRQHandler
                0x200003b0                CAN_IRQHandler
                0x200003b2                ENVM0_IRQHandler
                0x200003b4                ENVM1_IRQHandler
                0x200003b6                ComBlk_IRQHandler
                0x200003b8                USB_IRQHandler
                0x200003ba                USB_DMA_IRQHandler
                0x200003bc                PLL_Lock_IRQHandler
                0x200003be                PLL_LockLost_IRQHandler
                0x200003c0                CommSwitchError_IRQHandler
                0x200003c2                CacheError_IRQHandler
                0x200003c4                DDR_IRQHandler
                0x200003c6                HPDMA_Complete_IRQHandler
                0x200003c8                HPDMA_Error_IRQHandler
                0x200003ca                ECC_Error_IRQHandler
                0x200003cc                MDDR_IOCalib_IRQHandler
                0x200003ce                FAB_PLL_Lock_IRQHandler
                0x200003d0                FAB_PLL_LockLost_IRQHandler
                0x200003d2                FIC64_IRQHandler
                0x200003d4                FabricIrq0_IRQHandler
                0x200003d6                FabricIrq1_IRQHandler
                0x200003d8                FabricIrq2_IRQHandler
                0x200003da                FabricIrq3_IRQHandler
                0x200003dc                FabricIrq4_IRQHandler
                0x200003de                FabricIrq5_IRQHandler
                0x200003e0                FabricIrq6_IRQHandler
                0x200003e2                FabricIrq7_IRQHandler
                0x200003e4                FabricIrq8_IRQHandler
                0x200003e6                FabricIrq9_IRQHandler
                0x200003e8                FabricIrq10_IRQHandler
                0x200003ea                FabricIrq11_IRQHandler
                0x200003ec                FabricIrq12_IRQHandler
                0x200003ee                FabricIrq13_IRQHandler
                0x200003f0                FabricIrq14_IRQHandler
                0x200003f2                FabricIrq15_IRQHandler
                0x200003f4                GPIO0_IRQHandler
                0x200003f6                GPIO1_IRQHandler
                0x200003f8                GPIO2_IRQHandler
                0x200003fa                GPIO3_IRQHandler
                0x200003fc                GPIO4_IRQHandler
                0x200003fe                GPIO5_IRQHandler
                0x20000400                GPIO6_IRQHandler
                0x20000402                GPIO7_IRQHandler
                0x20000404                GPIO8_IRQHandler
                0x20000406                GPIO9_IRQHandler
                0x20000408                GPIO10_IRQHandler
                0x2000040a                GPIO11_IRQHandler
                0x2000040c                GPIO12_IRQHandler
                0x2000040e                GPIO13_IRQHandler
                0x20000410                GPIO14_IRQHandler
                0x20000412                GPIO15_IRQHandler
                0x20000414                GPIO16_IRQHandler
                0x20000416                GPIO17_IRQHandler
                0x20000418                GPIO18_IRQHandler
                0x2000041a                GPIO19_IRQHandler
                0x2000041c                GPIO20_IRQHandler
                0x2000041e                GPIO21_IRQHandler
                0x20000420                GPIO22_IRQHandler
                0x20000422                GPIO23_IRQHandler
                0x20000424                GPIO24_IRQHandler
                0x20000426                GPIO25_IRQHandler
                0x20000428                GPIO26_IRQHandler
                0x2000042a                GPIO27_IRQHandler
                0x2000042c                GPIO28_IRQHandler
                0x2000042e                GPIO29_IRQHandler
                0x20000430                GPIO30_IRQHandler
                0x20000432                GPIO31_IRQHandler
                0x20000434                mscc_post_hw_cfg_init
                0x200004c0                . = ALIGN (0x10)

.text           0x200004c0     0x2ca0
 CREATE_OBJECT_SYMBOLS
                0x200004c0                __text_load = LOADADDR (.text)
                0x200004c0                __text_start = .
 *(.text .text.* .gnu.linkonce.t.*)
 .text          0x200004c0       0x30 c:/program files (x86)/microsemi/softconsole v3.4/sourcery-g++/bin/../lib/gcc/arm-none-eabi/4.4.1/thumb2/crtbegin.o
 .text.MSS_GPIO_get_inputs
                0x200004f0       0x18 ./main.o
 .text.read_write
                0x20000508      0x334 ./main.o
                0x20000508                read_write
 .text.print_reg
                0x2000083c      0x444 ./main.o
                0x2000083c                print_reg
 .text.read_one_reg
                0x20000c80      0x18c ./main.o
                0x20000c80                read_one_reg
 .text.main     0x20000e0c      0x9d4 ./main.o
                0x20000e0c                main
 .text.NVIC_ClearPendingIRQ
                0x200017e0       0x3c C:\ActelProjects\SchoolMIPSActel\SchoolMIPSActel\SoftConsole\MSS1_MSS_CM3\MSS1_MSS_CM3_hw_platform\Debug\libMSS1_MSS_CM3_hw_platform.a(mss_uart.o)
 .text.set_bit_reg8
                0x2000181c       0x40 C:\ActelProjects\SchoolMIPSActel\SchoolMIPSActel\SoftConsole\MSS1_MSS_CM3\MSS1_MSS_CM3_hw_platform\Debug\libMSS1_MSS_CM3_hw_platform.a(mss_uart.o)
 .text.clear_bit_reg8
                0x2000185c       0x40 C:\ActelProjects\SchoolMIPSActel\SchoolMIPSActel\SoftConsole\MSS1_MSS_CM3\MSS1_MSS_CM3_hw_platform\Debug\libMSS1_MSS_CM3_hw_platform.a(mss_uart.o)
 .text.read_bit_reg8
                0x2000189c       0x40 C:\ActelProjects\SchoolMIPSActel\SchoolMIPSActel\SoftConsole\MSS1_MSS_CM3\MSS1_MSS_CM3_hw_platform\Debug\libMSS1_MSS_CM3_hw_platform.a(mss_uart.o)
 .text.MSS_UART_init
                0x200018dc       0x84 C:\ActelProjects\SchoolMIPSActel\SchoolMIPSActel\SoftConsole\MSS1_MSS_CM3\MSS1_MSS_CM3_hw_platform\Debug\libMSS1_MSS_CM3_hw_platform.a(mss_uart.o)
                0x200018dc                MSS_UART_init
 .text.MSS_UART_polled_tx_string
                0x20001960       0xcc C:\ActelProjects\SchoolMIPSActel\SchoolMIPSActel\SoftConsole\MSS1_MSS_CM3\MSS1_MSS_CM3_hw_platform\Debug\libMSS1_MSS_CM3_hw_platform.a(mss_uart.o)
                0x20001960                MSS_UART_polled_tx_string
 .text.UART0_IRQHandler
                0x20001a2c       0x24 C:\ActelProjects\SchoolMIPSActel\SchoolMIPSActel\SoftConsole\MSS1_MSS_CM3\MSS1_MSS_CM3_hw_platform\Debug\libMSS1_MSS_CM3_hw_platform.a(mss_uart.o)
                0x20001a2c                UART0_IRQHandler
 .text.UART1_IRQHandler
                0x20001a50       0x24 C:\ActelProjects\SchoolMIPSActel\SchoolMIPSActel\SoftConsole\MSS1_MSS_CM3\MSS1_MSS_CM3_hw_platform\Debug\libMSS1_MSS_CM3_hw_platform.a(mss_uart.o)
                0x20001a50                UART1_IRQHandler
 .text.config_baud_divisors
                0x20001a74      0x198 C:\ActelProjects\SchoolMIPSActel\SchoolMIPSActel\SoftConsole\MSS1_MSS_CM3\MSS1_MSS_CM3_hw_platform\Debug\libMSS1_MSS_CM3_hw_platform.a(mss_uart.o)
 .text.global_init
                0x20001c0c      0x26c C:\ActelProjects\SchoolMIPSActel\SchoolMIPSActel\SoftConsole\MSS1_MSS_CM3\MSS1_MSS_CM3_hw_platform\Debug\libMSS1_MSS_CM3_hw_platform.a(mss_uart.o)
 .text.MSS_UART_isr
                0x20001e78      0x22c C:\ActelProjects\SchoolMIPSActel\SchoolMIPSActel\SoftConsole\MSS1_MSS_CM3\MSS1_MSS_CM3_hw_platform\Debug\libMSS1_MSS_CM3_hw_platform.a(mss_uart.o)
 .text.default_tx_handler
                0x200020a4      0x10c C:\ActelProjects\SchoolMIPSActel\SchoolMIPSActel\SoftConsole\MSS1_MSS_CM3\MSS1_MSS_CM3_hw_platform\Debug\libMSS1_MSS_CM3_hw_platform.a(mss_uart.o)
 .text.NVIC_EnableIRQ
                0x200021b0       0x38 C:\ActelProjects\SchoolMIPSActel\SchoolMIPSActel\SoftConsole\MSS1_MSS_CM3\MSS1_MSS_CM3_hw_platform\Debug\libMSS1_MSS_CM3_hw_platform.a(mss_spi.o)
 .text.NVIC_DisableIRQ
                0x200021e8       0x3c C:\ActelProjects\SchoolMIPSActel\SchoolMIPSActel\SoftConsole\MSS1_MSS_CM3\MSS1_MSS_CM3_hw_platform\Debug\libMSS1_MSS_CM3_hw_platform.a(mss_spi.o)
 .text.NVIC_ClearPendingIRQ
                0x20002224       0x3c C:\ActelProjects\SchoolMIPSActel\SchoolMIPSActel\SoftConsole\MSS1_MSS_CM3\MSS1_MSS_CM3_hw_platform\Debug\libMSS1_MSS_CM3_hw_platform.a(mss_spi.o)
 .text.MSS_SPI_init
                0x20002260      0x134 C:\ActelProjects\SchoolMIPSActel\SchoolMIPSActel\SoftConsole\MSS1_MSS_CM3\MSS1_MSS_CM3_hw_platform\Debug\libMSS1_MSS_CM3_hw_platform.a(mss_spi.o)
                0x20002260                MSS_SPI_init
 .text.recover_from_rx_overflow
                0x20002394      0x160 C:\ActelProjects\SchoolMIPSActel\SchoolMIPSActel\SoftConsole\MSS1_MSS_CM3\MSS1_MSS_CM3_hw_platform\Debug\libMSS1_MSS_CM3_hw_platform.a(mss_spi.o)
 .text.MSS_SPI_configure_master_mode
                0x200024f4      0x150 C:\ActelProjects\SchoolMIPSActel\SchoolMIPSActel\SoftConsole\MSS1_MSS_CM3\MSS1_MSS_CM3_hw_platform\Debug\libMSS1_MSS_CM3_hw_platform.a(mss_spi.o)
                0x200024f4                MSS_SPI_configure_master_mode
 .text.fill_slave_tx_fifo
                0x20002644       0xe0 C:\ActelProjects\SchoolMIPSActel\SchoolMIPSActel\SoftConsole\MSS1_MSS_CM3\MSS1_MSS_CM3_hw_platform\Debug\libMSS1_MSS_CM3_hw_platform.a(mss_spi.o)
 .text.read_slave_rx_fifo
                0x20002724       0xac C:\ActelProjects\SchoolMIPSActel\SchoolMIPSActel\SoftConsole\MSS1_MSS_CM3\MSS1_MSS_CM3_hw_platform\Debug\libMSS1_MSS_CM3_hw_platform.a(mss_spi.o)
 .text.mss_spi_isr
                0x200027d0      0x2b0 C:\ActelProjects\SchoolMIPSActel\SchoolMIPSActel\SoftConsole\MSS1_MSS_CM3\MSS1_MSS_CM3_hw_platform\Debug\libMSS1_MSS_CM3_hw_platform.a(mss_spi.o)
 .text.SPI0_IRQHandler
                0x20002a80       0x24 C:\ActelProjects\SchoolMIPSActel\SchoolMIPSActel\SoftConsole\MSS1_MSS_CM3\MSS1_MSS_CM3_hw_platform\Debug\libMSS1_MSS_CM3_hw_platform.a(mss_spi.o)
                0x20002a80                SPI0_IRQHandler
 .text.SPI1_IRQHandler
                0x20002aa4       0x24 C:\ActelProjects\SchoolMIPSActel\SchoolMIPSActel\SoftConsole\MSS1_MSS_CM3\MSS1_MSS_CM3_hw_platform\Debug\libMSS1_MSS_CM3_hw_platform.a(mss_spi.o)
                0x20002aa4                SPI1_IRQHandler
 .text.NVIC_DisableIRQ
                0x20002ac8       0x3c C:\ActelProjects\SchoolMIPSActel\SchoolMIPSActel\SoftConsole\MSS1_MSS_CM3\MSS1_MSS_CM3_hw_platform\Debug\libMSS1_MSS_CM3_hw_platform.a(mss_gpio.o)
 .text.NVIC_ClearPendingIRQ
                0x20002b04       0x3c C:\ActelProjects\SchoolMIPSActel\SchoolMIPSActel\SoftConsole\MSS1_MSS_CM3\MSS1_MSS_CM3_hw_platform\Debug\libMSS1_MSS_CM3_hw_platform.a(mss_gpio.o)
 .text.MSS_GPIO_init
                0x20002b40       0xac C:\ActelProjects\SchoolMIPSActel\SchoolMIPSActel\SoftConsole\MSS1_MSS_CM3\MSS1_MSS_CM3_hw_platform\Debug\libMSS1_MSS_CM3_hw_platform.a(mss_gpio.o)
                0x20002b40                MSS_GPIO_init
 .text.MSS_GPIO_config
                0x20002bec       0x3c C:\ActelProjects\SchoolMIPSActel\SchoolMIPSActel\SoftConsole\MSS1_MSS_CM3\MSS1_MSS_CM3_hw_platform\Debug\libMSS1_MSS_CM3_hw_platform.a(mss_gpio.o)
                0x20002bec                MSS_GPIO_config
 .text.MSS_GPIO_set_output
                0x20002c28       0x70 C:\ActelProjects\SchoolMIPSActel\SchoolMIPSActel\SoftConsole\MSS1_MSS_CM3\MSS1_MSS_CM3_hw_platform\Debug\libMSS1_MSS_CM3_hw_platform.a(mss_gpio.o)
                0x20002c28                MSS_GPIO_set_output
 .text.SystemInit
                0x20002c98       0x28 C:\ActelProjects\SchoolMIPSActel\SchoolMIPSActel\SoftConsole\MSS1_MSS_CM3\MSS1_MSS_CM3_hw_platform\Debug\libMSS1_MSS_CM3_hw_platform.a(system_m2sxxx.o)
                0x20002c98                SystemInit
 .text.SystemCoreClockUpdate
                0x20002cc0      0x14c C:\ActelProjects\SchoolMIPSActel\SchoolMIPSActel\SoftConsole\MSS1_MSS_CM3\MSS1_MSS_CM3_hw_platform\Debug\libMSS1_MSS_CM3_hw_platform.a(system_m2sxxx.o)
                0x20002cc0                SystemCoreClockUpdate
 .text.get_rcosc_25_50mhz_frequency
                0x20002e0c       0x44 C:\ActelProjects\SchoolMIPSActel\SchoolMIPSActel\SoftConsole\MSS1_MSS_CM3\MSS1_MSS_CM3_hw_platform\Debug\libMSS1_MSS_CM3_hw_platform.a(system_m2sxxx.o)
 .text.set_clock_frequency_globals
                0x20002e50       0x6c C:\ActelProjects\SchoolMIPSActel\SchoolMIPSActel\SoftConsole\MSS1_MSS_CM3\MSS1_MSS_CM3_hw_platform\Debug\libMSS1_MSS_CM3_hw_platform.a(system_m2sxxx.o)
 .text.get_silicon_revision
                0x20002ebc       0x50 C:\ActelProjects\SchoolMIPSActel\SchoolMIPSActel\SoftConsole\MSS1_MSS_CM3\MSS1_MSS_CM3_hw_platform\Debug\libMSS1_MSS_CM3_hw_platform.a(system_m2sxxx.o)
 .text.silicon_workarounds
                0x20002f0c       0x20 C:\ActelProjects\SchoolMIPSActel\SchoolMIPSActel\SoftConsole\MSS1_MSS_CM3\MSS1_MSS_CM3_hw_platform\Debug\libMSS1_MSS_CM3_hw_platform.a(system_m2sxxx.o)
 .text.m2s050_rev_a_workarounds
                0x20002f2c       0x44 C:\ActelProjects\SchoolMIPSActel\SchoolMIPSActel\SoftConsole\MSS1_MSS_CM3\MSS1_MSS_CM3_hw_platform\Debug\libMSS1_MSS_CM3_hw_platform.a(system_m2sxxx.o)
 .text          0x20002f70       0x50 c:/program files (x86)/microsemi/softconsole v3.4/sourcery-g++/bin/../lib/gcc/arm-none-eabi/4.4.1/../../../../arm-none-eabi/lib/thumb2\libc.a(lib_a-init.o)
                0x20002f70                __libc_init_array
 .text          0x20002fc0       0xd4 c:/program files (x86)/microsemi/softconsole v3.4/sourcery-g++/bin/../lib/gcc/arm-none-eabi/4.4.1/../../../../arm-none-eabi/lib/thumb2\libc.a(lib_a-memset.o)
                0x20002fc0                memset
 *(.plt)
 *(.gnu.warning)
 *(.glue_7t)
 .glue_7t       0x00000000        0x0 linker stubs
 *(.glue_7)
 .glue_7        0x00000000        0x0 linker stubs
 *(.vfp11_veneer)
 .vfp11_veneer  0x00000000        0x0 linker stubs
                0x20003094                . = ALIGN (0x4)
 *crtbegin.o(.ctors)
 *(EXCLUDE_FILE(*crtend.o) .ctors)
 *(SORT(.ctors.*))
 *crtend.o(.ctors)
 *crtbegin.o(.dtors)
 *(EXCLUDE_FILE(*crtend.o) .dtors)
 *(SORT(.dtors.*))
 *crtend.o(.dtors)
 *(.rodata .rodata.* .gnu.linkonce.r.*)
 .rodata.gp_my_uart
                0x20003094        0x4 ./main.o
                0x20003094                gp_my_uart
 .rodata.g_config_reg_lut
                0x20003098       0x80 C:\ActelProjects\SchoolMIPSActel\SchoolMIPSActel\SoftConsole\MSS1_MSS_CM3\MSS1_MSS_CM3_hw_platform\Debug\libMSS1_MSS_CM3_hw_platform.a(mss_gpio.o)
 .rodata.g_gpio_irqn_lut
                0x20003118       0x20 C:\ActelProjects\SchoolMIPSActel\SchoolMIPSActel\SoftConsole\MSS1_MSS_CM3\MSS1_MSS_CM3_hw_platform\Debug\libMSS1_MSS_CM3_hw_platform.a(mss_gpio.o)
 .rodata.C.18.3527
                0x20003138        0x8 C:\ActelProjects\SchoolMIPSActel\SchoolMIPSActel\SoftConsole\MSS1_MSS_CM3\MSS1_MSS_CM3_hw_platform\Debug\libMSS1_MSS_CM3_hw_platform.a(system_m2sxxx.o)
 *(.ARM.extab* .gnu.linkonce.armextab.*)
 *(.gcc_except_table)
 *(.eh_frame_hdr)
 *(.eh_frame)
 *(.vector_table)
 *(.init)
 .init          0x20003140        0x4 c:/program files (x86)/microsemi/softconsole v3.4/sourcery-g++/bin/../lib/gcc/arm-none-eabi/4.4.1/thumb2/crti.o
                0x20003140                _init
 .init          0x20003144        0x8 c:/program files (x86)/microsemi/softconsole v3.4/sourcery-g++/bin/../lib/gcc/arm-none-eabi/4.4.1/thumb2/crtn.o
 *(.fini)
 .fini          0x2000314c        0x4 c:/program files (x86)/microsemi/softconsole v3.4/sourcery-g++/bin/../lib/gcc/arm-none-eabi/4.4.1/thumb2/crti.o
                0x2000314c                _fini
 .fini          0x20003150        0x8 c:/program files (x86)/microsemi/softconsole v3.4/sourcery-g++/bin/../lib/gcc/arm-none-eabi/4.4.1/thumb2/crtn.o
                0x20003158                PROVIDE (__preinit_array_start, .)
 *(.preinit_array)
                0x20003158                PROVIDE (__preinit_array_end, .)
                0x20003158                PROVIDE (__init_array_start, .)
 *(SORT(.init_array.*))
 *(.init_array)
 .init_array    0x20003158        0x4 c:/program files (x86)/microsemi/softconsole v3.4/sourcery-g++/bin/../lib/gcc/arm-none-eabi/4.4.1/thumb2/crtbegin.o
                0x2000315c                PROVIDE (__init_array_end, .)
                0x2000315c                PROVIDE (__fini_array_start, .)
 *(.fini_array)
 .fini_array    0x2000315c        0x4 c:/program files (x86)/microsemi/softconsole v3.4/sourcery-g++/bin/../lib/gcc/arm-none-eabi/4.4.1/thumb2/crtbegin.o
 *(SORT(.fini_array.*))
                0x20003160                PROVIDE (__fini_array_end, .)
                0x20003160                . = ALIGN (0x10)
                0x20003160                __exidx_start = .

.v4_bx          0x20003160        0x0
 .v4_bx         0x00000000        0x0 linker stubs

.ARM.exidx
 *(.ARM.exidx* .gnu.linkonce.armexidx.*)
                0x20003160                __exidx_end = .
                0x20003160                _etext = .
                0x20003160                PROVIDE (__text_end, .)

.data           0x20003160       0x40
                0x20003160                __data_load = LOADADDR (.data)
                0x20003160                _sidata = LOADADDR (.data)
                0x20003160                __data_start = .
                0x20003160                _sdata = .
 *(.jcr)
 .jcr           0x20003160        0x0 c:/program files (x86)/microsemi/softconsole v3.4/sourcery-g++/bin/../lib/gcc/arm-none-eabi/4.4.1/thumb2/crtbegin.o
 .jcr           0x20003160        0x4 c:/program files (x86)/microsemi/softconsole v3.4/sourcery-g++/bin/../lib/gcc/arm-none-eabi/4.4.1/thumb2/crtend.o
 *(.got.plt)
 *(.got)
 *(.shdata)
 *(.data .data.* .gnu.linkonce.d.*)
 .data.serialData
                0x20003164        0x8 ./main.o
                0x20003164                serialData
 .data.Message  0x2000316c        0xc ./main.o
                0x2000316c                Message
 .data.SystemCoreClock
                0x20003178        0x4 C:\ActelProjects\SchoolMIPSActel\SchoolMIPSActel\SoftConsole\MSS1_MSS_CM3\MSS1_MSS_CM3_hw_platform\Debug\libMSS1_MSS_CM3_hw_platform.a(system_m2sxxx.o)
                0x20003178                SystemCoreClock
 .data.g_FrequencyPCLK0
                0x2000317c        0x4 C:\ActelProjects\SchoolMIPSActel\SchoolMIPSActel\SoftConsole\MSS1_MSS_CM3\MSS1_MSS_CM3_hw_platform\Debug\libMSS1_MSS_CM3_hw_platform.a(system_m2sxxx.o)
                0x2000317c                g_FrequencyPCLK0
 .data.g_FrequencyPCLK1
                0x20003180        0x4 C:\ActelProjects\SchoolMIPSActel\SchoolMIPSActel\SoftConsole\MSS1_MSS_CM3\MSS1_MSS_CM3_hw_platform\Debug\libMSS1_MSS_CM3_hw_platform.a(system_m2sxxx.o)
                0x20003180                g_FrequencyPCLK1
 .data.g_FrequencyPCLK2
                0x20003184        0x4 C:\ActelProjects\SchoolMIPSActel\SchoolMIPSActel\SoftConsole\MSS1_MSS_CM3\MSS1_MSS_CM3_hw_platform\Debug\libMSS1_MSS_CM3_hw_platform.a(system_m2sxxx.o)
                0x20003184                g_FrequencyPCLK2
 .data.g_FrequencyFIC0
                0x20003188        0x4 C:\ActelProjects\SchoolMIPSActel\SchoolMIPSActel\SoftConsole\MSS1_MSS_CM3\MSS1_MSS_CM3_hw_platform\Debug\libMSS1_MSS_CM3_hw_platform.a(system_m2sxxx.o)
                0x20003188                g_FrequencyFIC0
 .data.g_FrequencyFIC1
                0x2000318c        0x4 C:\ActelProjects\SchoolMIPSActel\SchoolMIPSActel\SoftConsole\MSS1_MSS_CM3\MSS1_MSS_CM3_hw_platform\Debug\libMSS1_MSS_CM3_hw_platform.a(system_m2sxxx.o)
                0x2000318c                g_FrequencyFIC1
 .data.g_FrequencyFIC64
                0x20003190        0x4 C:\ActelProjects\SchoolMIPSActel\SchoolMIPSActel\SoftConsole\MSS1_MSS_CM3\MSS1_MSS_CM3_hw_platform\Debug\libMSS1_MSS_CM3_hw_platform.a(system_m2sxxx.o)
                0x20003190                g_FrequencyFIC64
                0x200031a0                . = ALIGN (0x10)
 *fill*         0x20003194        0xc 00
                0x200031a0                _edata = .

.bss            0x200031a0      0x190
                0x200031a0                __bss_start__ = .
                0x200031a0                _sbss = .
 *(.shbss)
 *(.bss .bss.* .gnu.linkonce.b.*)
 .bss           0x200031a0        0x1 c:/program files (x86)/microsemi/softconsole v3.4/sourcery-g++/bin/../lib/gcc/arm-none-eabi/4.4.1/thumb2/crtbegin.o
 *(COMMON)
 *fill*         0x200031a1        0x3 00
 COMMON         0x200031a4       0x80 C:\ActelProjects\SchoolMIPSActel\SchoolMIPSActel\SoftConsole\MSS1_MSS_CM3\MSS1_MSS_CM3_hw_platform\Debug\libMSS1_MSS_CM3_hw_platform.a(mss_uart.o)
                0x200031a4                g_mss_uart1
                0x200031e4                g_mss_uart0
 COMMON         0x20003224      0x108 C:\ActelProjects\SchoolMIPSActel\SchoolMIPSActel\SoftConsole\MSS1_MSS_CM3\MSS1_MSS_CM3_hw_platform\Debug\libMSS1_MSS_CM3_hw_platform.a(mss_spi.o)
                0x20003224                g_mss_spi1
                0x200032a8                g_mss_spi0
                0x20003330                . = ALIGN (0x10)
 *fill*         0x2000332c        0x4 00
                0x20003330                __bss_end__ = .
                0x20003330                _end = .
                0x20003330                __end = _end
                0x20003330                _ebss = .
                0x20003330                PROVIDE (end, .)

.heap           0x20003330     0xbcd0
                0x20003330                __heap_start__ = .
                0x20004330                . = (. + MIN_SIZE_HEAP)
 *fill*         0x20003330     0x1000 00
                0x2000f000                . = (. + (((ABSOLUTE (RAM_START_ADDRESS) + RAM_SIZE) - MAIN_STACK_SIZE) - .))
 *fill*         0x20004330     0xacd0 00
                0x2000f000                _eheap = .

.stack          0x2000f000     0x1000
                0x2000f000                __stack_start__ = .
                0x20010000                . = (. + MAIN_STACK_SIZE)
 *fill*         0x2000f000     0x1000 00
                0x20010000                _estack = .

.stab
 *(.stab)

.stabstr
 *(.stabstr)

.debug
 *(.debug)

.line
 *(.line)

.debug_srcinfo
 *(.debug_srcinfo)

.debug_sfnames
 *(.debug_sfnames)

.comment        0x00000000      0x102
 .comment       0x00000000       0x2b ./main.o
 .comment       0x0000002b       0x2b C:/ActelProjects/SchoolMIPSActel/SchoolMIPSActel/SoftConsole/MSS1_MSS_CM3/MSS1_MSS_CM3_hw_platform/Debug/CMSIS/startup_gcc/newlib_stubs.o
 .comment       0x00000056       0x2b C:\ActelProjects\SchoolMIPSActel\SchoolMIPSActel\SoftConsole\MSS1_MSS_CM3\MSS1_MSS_CM3_hw_platform\Debug\libMSS1_MSS_CM3_hw_platform.a(mss_uart.o)
 .comment       0x00000081       0x2b C:\ActelProjects\SchoolMIPSActel\SchoolMIPSActel\SoftConsole\MSS1_MSS_CM3\MSS1_MSS_CM3_hw_platform\Debug\libMSS1_MSS_CM3_hw_platform.a(mss_spi.o)
 .comment       0x000000ac       0x2b C:\ActelProjects\SchoolMIPSActel\SchoolMIPSActel\SoftConsole\MSS1_MSS_CM3\MSS1_MSS_CM3_hw_platform\Debug\libMSS1_MSS_CM3_hw_platform.a(mss_gpio.o)
 .comment       0x000000d7       0x2b C:\ActelProjects\SchoolMIPSActel\SchoolMIPSActel\SoftConsole\MSS1_MSS_CM3\MSS1_MSS_CM3_hw_platform\Debug\libMSS1_MSS_CM3_hw_platform.a(system_m2sxxx.o)

.debug_aranges  0x00000000      0x488
 *(.debug_aranges)
 .debug_aranges
                0x00000000       0x78 ./main.o
 .debug_aranges
                0x00000078       0xa8 C:/ActelProjects/SchoolMIPSActel/SchoolMIPSActel/SoftConsole/MSS1_MSS_CM3/MSS1_MSS_CM3_hw_platform/Debug/CMSIS/startup_gcc/newlib_stubs.o
 .debug_aranges
                0x00000120      0x1d0 C:\ActelProjects\SchoolMIPSActel\SchoolMIPSActel\SoftConsole\MSS1_MSS_CM3\MSS1_MSS_CM3_hw_platform\Debug\libMSS1_MSS_CM3_hw_platform.a(mss_uart.o)
 .debug_aranges
                0x000002f0       0xe0 C:\ActelProjects\SchoolMIPSActel\SchoolMIPSActel\SoftConsole\MSS1_MSS_CM3\MSS1_MSS_CM3_hw_platform\Debug\libMSS1_MSS_CM3_hw_platform.a(mss_spi.o)
 .debug_aranges
                0x000003d0       0x68 C:\ActelProjects\SchoolMIPSActel\SchoolMIPSActel\SoftConsole\MSS1_MSS_CM3\MSS1_MSS_CM3_hw_platform\Debug\libMSS1_MSS_CM3_hw_platform.a(mss_gpio.o)
 .debug_aranges
                0x00000438       0x50 C:\ActelProjects\SchoolMIPSActel\SchoolMIPSActel\SoftConsole\MSS1_MSS_CM3\MSS1_MSS_CM3_hw_platform\Debug\libMSS1_MSS_CM3_hw_platform.a(system_m2sxxx.o)

.debug_pubnames
                0x00000000      0xacb
 *(.debug_pubnames)
 .debug_pubnames
                0x00000000      0x13b ./main.o
 .debug_pubnames
                0x0000013b       0xeb C:/ActelProjects/SchoolMIPSActel/SchoolMIPSActel/SoftConsole/MSS1_MSS_CM3/MSS1_MSS_CM3_hw_platform/Debug/CMSIS/startup_gcc/newlib_stubs.o
 .debug_pubnames
                0x00000226      0x50f C:\ActelProjects\SchoolMIPSActel\SchoolMIPSActel\SoftConsole\MSS1_MSS_CM3\MSS1_MSS_CM3_hw_platform\Debug\libMSS1_MSS_CM3_hw_platform.a(mss_uart.o)
 .debug_pubnames
                0x00000735      0x21a C:\ActelProjects\SchoolMIPSActel\SchoolMIPSActel\SoftConsole\MSS1_MSS_CM3\MSS1_MSS_CM3_hw_platform\Debug\libMSS1_MSS_CM3_hw_platform.a(mss_spi.o)
 .debug_pubnames
                0x0000094f       0xb1 C:\ActelProjects\SchoolMIPSActel\SchoolMIPSActel\SoftConsole\MSS1_MSS_CM3\MSS1_MSS_CM3_hw_platform\Debug\libMSS1_MSS_CM3_hw_platform.a(mss_gpio.o)
 .debug_pubnames
                0x00000a00       0xcb C:\ActelProjects\SchoolMIPSActel\SchoolMIPSActel\SoftConsole\MSS1_MSS_CM3\MSS1_MSS_CM3_hw_platform\Debug\libMSS1_MSS_CM3_hw_platform.a(system_m2sxxx.o)

.debug_info     0x00000000     0x6af3
 *(.debug_info .gnu.linkonce.wi.*)
 .debug_info    0x00000000     0x10ec ./main.o
 .debug_info    0x000010ec      0x6ed C:/ActelProjects/SchoolMIPSActel/SchoolMIPSActel/SoftConsole/MSS1_MSS_CM3/MSS1_MSS_CM3_hw_platform/Debug/CMSIS/startup_gcc/newlib_stubs.o
 .debug_info    0x000017d9     0x1ed4 C:\ActelProjects\SchoolMIPSActel\SchoolMIPSActel\SoftConsole\MSS1_MSS_CM3\MSS1_MSS_CM3_hw_platform\Debug\libMSS1_MSS_CM3_hw_platform.a(mss_uart.o)
 .debug_info    0x000036ad     0x1723 C:\ActelProjects\SchoolMIPSActel\SchoolMIPSActel\SoftConsole\MSS1_MSS_CM3\MSS1_MSS_CM3_hw_platform\Debug\libMSS1_MSS_CM3_hw_platform.a(mss_spi.o)
 .debug_info    0x00004dd0     0x1164 C:\ActelProjects\SchoolMIPSActel\SchoolMIPSActel\SoftConsole\MSS1_MSS_CM3\MSS1_MSS_CM3_hw_platform\Debug\libMSS1_MSS_CM3_hw_platform.a(mss_gpio.o)
 .debug_info    0x00005f34      0xbbf C:\ActelProjects\SchoolMIPSActel\SchoolMIPSActel\SoftConsole\MSS1_MSS_CM3\MSS1_MSS_CM3_hw_platform\Debug\libMSS1_MSS_CM3_hw_platform.a(system_m2sxxx.o)

.debug_abbrev   0x00000000      0xae4
 *(.debug_abbrev)
 .debug_abbrev  0x00000000      0x251 ./main.o
 .debug_abbrev  0x00000251      0x170 C:/ActelProjects/SchoolMIPSActel/SchoolMIPSActel/SoftConsole/MSS1_MSS_CM3/MSS1_MSS_CM3_hw_platform/Debug/CMSIS/startup_gcc/newlib_stubs.o
 .debug_abbrev  0x000003c1      0x280 C:\ActelProjects\SchoolMIPSActel\SchoolMIPSActel\SoftConsole\MSS1_MSS_CM3\MSS1_MSS_CM3_hw_platform\Debug\libMSS1_MSS_CM3_hw_platform.a(mss_uart.o)
 .debug_abbrev  0x00000641      0x1ee C:\ActelProjects\SchoolMIPSActel\SchoolMIPSActel\SoftConsole\MSS1_MSS_CM3\MSS1_MSS_CM3_hw_platform\Debug\libMSS1_MSS_CM3_hw_platform.a(mss_spi.o)
 .debug_abbrev  0x0000082f      0x165 C:\ActelProjects\SchoolMIPSActel\SchoolMIPSActel\SoftConsole\MSS1_MSS_CM3\MSS1_MSS_CM3_hw_platform\Debug\libMSS1_MSS_CM3_hw_platform.a(mss_gpio.o)
 .debug_abbrev  0x00000994      0x150 C:\ActelProjects\SchoolMIPSActel\SchoolMIPSActel\SoftConsole\MSS1_MSS_CM3\MSS1_MSS_CM3_hw_platform\Debug\libMSS1_MSS_CM3_hw_platform.a(system_m2sxxx.o)

.debug_line     0x00000000     0x2431
 *(.debug_line)
 .debug_line    0x00000000      0xa01 ./main.o
 .debug_line    0x00000a01      0x4b6 C:/ActelProjects/SchoolMIPSActel/SchoolMIPSActel/SoftConsole/MSS1_MSS_CM3/MSS1_MSS_CM3_hw_platform/Debug/CMSIS/startup_gcc/newlib_stubs.o
 .debug_line    0x00000eb7      0x8f8 C:\ActelProjects\SchoolMIPSActel\SchoolMIPSActel\SoftConsole\MSS1_MSS_CM3\MSS1_MSS_CM3_hw_platform\Debug\libMSS1_MSS_CM3_hw_platform.a(mss_uart.o)
 .debug_line    0x000017af      0x6d1 C:\ActelProjects\SchoolMIPSActel\SchoolMIPSActel\SoftConsole\MSS1_MSS_CM3\MSS1_MSS_CM3_hw_platform\Debug\libMSS1_MSS_CM3_hw_platform.a(mss_spi.o)
 .debug_line    0x00001e80      0x389 C:\ActelProjects\SchoolMIPSActel\SchoolMIPSActel\SoftConsole\MSS1_MSS_CM3\MSS1_MSS_CM3_hw_platform\Debug\libMSS1_MSS_CM3_hw_platform.a(mss_gpio.o)
 .debug_line    0x00002209      0x228 C:\ActelProjects\SchoolMIPSActel\SchoolMIPSActel\SoftConsole\MSS1_MSS_CM3\MSS1_MSS_CM3_hw_platform\Debug\libMSS1_MSS_CM3_hw_platform.a(system_m2sxxx.o)

.debug_frame    0x00000000      0xff0
 *(.debug_frame)
 .debug_frame   0x00000000      0x184 ./main.o
 .debug_frame   0x00000184      0x21c C:/ActelProjects/SchoolMIPSActel/SchoolMIPSActel/SoftConsole/MSS1_MSS_CM3/MSS1_MSS_CM3_hw_platform/Debug/CMSIS/startup_gcc/newlib_stubs.o
 .debug_frame   0x000003a0      0x6b4 C:\ActelProjects\SchoolMIPSActel\SchoolMIPSActel\SoftConsole\MSS1_MSS_CM3\MSS1_MSS_CM3_hw_platform\Debug\libMSS1_MSS_CM3_hw_platform.a(mss_uart.o)
 .debug_frame   0x00000a54      0x320 C:\ActelProjects\SchoolMIPSActel\SchoolMIPSActel\SoftConsole\MSS1_MSS_CM3\MSS1_MSS_CM3_hw_platform\Debug\libMSS1_MSS_CM3_hw_platform.a(mss_spi.o)
 .debug_frame   0x00000d74      0x130 C:\ActelProjects\SchoolMIPSActel\SchoolMIPSActel\SoftConsole\MSS1_MSS_CM3\MSS1_MSS_CM3_hw_platform\Debug\libMSS1_MSS_CM3_hw_platform.a(mss_gpio.o)
 .debug_frame   0x00000ea4       0xd8 C:\ActelProjects\SchoolMIPSActel\SchoolMIPSActel\SoftConsole\MSS1_MSS_CM3\MSS1_MSS_CM3_hw_platform\Debug\libMSS1_MSS_CM3_hw_platform.a(system_m2sxxx.o)
 .debug_frame   0x00000f7c       0x20 c:/program files (x86)/microsemi/softconsole v3.4/sourcery-g++/bin/../lib/gcc/arm-none-eabi/4.4.1/../../../../arm-none-eabi/lib/thumb2\libc.a(lib_a-errno.o)
 .debug_frame   0x00000f9c       0x2c c:/program files (x86)/microsemi/softconsole v3.4/sourcery-g++/bin/../lib/gcc/arm-none-eabi/4.4.1/../../../../arm-none-eabi/lib/thumb2\libc.a(lib_a-init.o)
 .debug_frame   0x00000fc8       0x28 c:/program files (x86)/microsemi/softconsole v3.4/sourcery-g++/bin/../lib/gcc/arm-none-eabi/4.4.1/../../../../arm-none-eabi/lib/thumb2\libc.a(lib_a-memset.o)

.debug_str      0x00000000     0x28cf
 *(.debug_str)
 .debug_str     0x00000000      0xe95 ./main.o
                                0xfea (size before relaxing)
 .debug_str     0x00000e95      0x264 C:/ActelProjects/SchoolMIPSActel/SchoolMIPSActel/SoftConsole/MSS1_MSS_CM3/MSS1_MSS_CM3_hw_platform/Debug/CMSIS/startup_gcc/newlib_stubs.o
                                0x33c (size before relaxing)
 .debug_str     0x000010f9     0x114b C:\ActelProjects\SchoolMIPSActel\SchoolMIPSActel\SoftConsole\MSS1_MSS_CM3\MSS1_MSS_CM3_hw_platform\Debug\libMSS1_MSS_CM3_hw_platform.a(mss_uart.o)
                               0x19a2 (size before relaxing)
 .debug_str     0x00002244      0x351 C:\ActelProjects\SchoolMIPSActel\SchoolMIPSActel\SoftConsole\MSS1_MSS_CM3\MSS1_MSS_CM3_hw_platform\Debug\libMSS1_MSS_CM3_hw_platform.a(mss_spi.o)
                               0x155b (size before relaxing)
 .debug_str     0x00002595      0x15c C:\ActelProjects\SchoolMIPSActel\SchoolMIPSActel\SoftConsole\MSS1_MSS_CM3\MSS1_MSS_CM3_hw_platform\Debug\libMSS1_MSS_CM3_hw_platform.a(mss_gpio.o)
                               0x121c (size before relaxing)
 .debug_str     0x000026f1      0x1de C:\ActelProjects\SchoolMIPSActel\SchoolMIPSActel\SoftConsole\MSS1_MSS_CM3\MSS1_MSS_CM3_hw_platform\Debug\libMSS1_MSS_CM3_hw_platform.a(system_m2sxxx.o)
                                0xa1c (size before relaxing)

.debug_loc      0x00000000     0x1ad3
 *(.debug_loc)
 .debug_loc     0x00000000      0x27c ./main.o
 .debug_loc     0x0000027c      0x3c6 C:/ActelProjects/SchoolMIPSActel/SchoolMIPSActel/SoftConsole/MSS1_MSS_CM3/MSS1_MSS_CM3_hw_platform/Debug/CMSIS/startup_gcc/newlib_stubs.o
 .debug_loc     0x00000642      0xbb9 C:\ActelProjects\SchoolMIPSActel\SchoolMIPSActel\SoftConsole\MSS1_MSS_CM3\MSS1_MSS_CM3_hw_platform\Debug\libMSS1_MSS_CM3_hw_platform.a(mss_uart.o)
 .debug_loc     0x000011fb      0x549 C:\ActelProjects\SchoolMIPSActel\SchoolMIPSActel\SoftConsole\MSS1_MSS_CM3\MSS1_MSS_CM3_hw_platform\Debug\libMSS1_MSS_CM3_hw_platform.a(mss_spi.o)
 .debug_loc     0x00001744      0x226 C:\ActelProjects\SchoolMIPSActel\SchoolMIPSActel\SoftConsole\MSS1_MSS_CM3\MSS1_MSS_CM3_hw_platform\Debug\libMSS1_MSS_CM3_hw_platform.a(mss_gpio.o)
 .debug_loc     0x0000196a      0x169 C:\ActelProjects\SchoolMIPSActel\SchoolMIPSActel\SoftConsole\MSS1_MSS_CM3\MSS1_MSS_CM3_hw_platform\Debug\libMSS1_MSS_CM3_hw_platform.a(system_m2sxxx.o)

.debug_macinfo  0x00000000    0x2cbe9
 *(.debug_macinfo)
 .debug_macinfo
                0x00000000     0x834d ./main.o
 .debug_macinfo
                0x0000834d     0x4bf0 C:/ActelProjects/SchoolMIPSActel/SchoolMIPSActel/SoftConsole/MSS1_MSS_CM3/MSS1_MSS_CM3_hw_platform/Debug/CMSIS/startup_gcc/newlib_stubs.o
 .debug_macinfo
                0x0000cf3d     0x8184 C:\ActelProjects\SchoolMIPSActel\SchoolMIPSActel\SoftConsole\MSS1_MSS_CM3\MSS1_MSS_CM3_hw_platform\Debug\libMSS1_MSS_CM3_hw_platform.a(mss_uart.o)
 .debug_macinfo
                0x000150c1     0x8fd8 C:\ActelProjects\SchoolMIPSActel\SchoolMIPSActel\SoftConsole\MSS1_MSS_CM3\MSS1_MSS_CM3_hw_platform\Debug\libMSS1_MSS_CM3_hw_platform.a(mss_spi.o)
 .debug_macinfo
                0x0001e099     0x777c C:\ActelProjects\SchoolMIPSActel\SchoolMIPSActel\SoftConsole\MSS1_MSS_CM3\MSS1_MSS_CM3_hw_platform\Debug\libMSS1_MSS_CM3_hw_platform.a(mss_gpio.o)
 .debug_macinfo
                0x00025815     0x73d4 C:\ActelProjects\SchoolMIPSActel\SchoolMIPSActel\SoftConsole\MSS1_MSS_CM3\MSS1_MSS_CM3_hw_platform\Debug\libMSS1_MSS_CM3_hw_platform.a(system_m2sxxx.o)

.debug_weaknames
 *(.debug_weaknames)

.debug_funcnames
 *(.debug_funcnames)

.debug_typenames
 *(.debug_typenames)

.debug_varnames
 *(.debug_varnames)

.note.gnu.arm.ident
 *(.note.gnu.arm.ident)

.ARM.attributes
                0x00000000       0x25
 *(.ARM.attributes)
 .ARM.attributes
                0x00000000       0x19 c:/program files (x86)/microsemi/softconsole v3.4/sourcery-g++/bin/../lib/gcc/arm-none-eabi/4.4.1/thumb2/crti.o
 .ARM.attributes
                0x00000019       0x29 c:/program files (x86)/microsemi/softconsole v3.4/sourcery-g++/bin/../lib/gcc/arm-none-eabi/4.4.1/thumb2/crtbegin.o
 .ARM.attributes
                0x00000042       0x31 ./main.o
 .ARM.attributes
                0x00000073       0x21 C:/ActelProjects/SchoolMIPSActel/SchoolMIPSActel/SoftConsole/MSS1_MSS_CM3/MSS1_MSS_CM3_hw_platform/Debug/CMSIS/startup_gcc/startup_m2sxxx.o
 .ARM.attributes
                0x00000094       0x31 C:/ActelProjects/SchoolMIPSActel/SchoolMIPSActel/SoftConsole/MSS1_MSS_CM3/MSS1_MSS_CM3_hw_platform/Debug/CMSIS/startup_gcc/newlib_stubs.o
 .ARM.attributes
                0x000000c5       0x31 C:\ActelProjects\SchoolMIPSActel\SchoolMIPSActel\SoftConsole\MSS1_MSS_CM3\MSS1_MSS_CM3_hw_platform\Debug\libMSS1_MSS_CM3_hw_platform.a(mss_uart.o)
 .ARM.attributes
                0x000000f6       0x31 C:\ActelProjects\SchoolMIPSActel\SchoolMIPSActel\SoftConsole\MSS1_MSS_CM3\MSS1_MSS_CM3_hw_platform\Debug\libMSS1_MSS_CM3_hw_platform.a(mss_spi.o)
 .ARM.attributes
                0x00000127       0x31 C:\ActelProjects\SchoolMIPSActel\SchoolMIPSActel\SoftConsole\MSS1_MSS_CM3\MSS1_MSS_CM3_hw_platform\Debug\libMSS1_MSS_CM3_hw_platform.a(mss_gpio.o)
 .ARM.attributes
                0x00000158       0x31 C:\ActelProjects\SchoolMIPSActel\SchoolMIPSActel\SoftConsole\MSS1_MSS_CM3\MSS1_MSS_CM3_hw_platform\Debug\libMSS1_MSS_CM3_hw_platform.a(system_m2sxxx.o)
 .ARM.attributes
                0x00000189       0x29 c:/program files (x86)/microsemi/softconsole v3.4/sourcery-g++/bin/../lib/gcc/arm-none-eabi/4.4.1/../../../../arm-none-eabi/lib/thumb2\libc.a(lib_a-errno.o)
 .ARM.attributes
                0x000001b2       0x29 c:/program files (x86)/microsemi/softconsole v3.4/sourcery-g++/bin/../lib/gcc/arm-none-eabi/4.4.1/../../../../arm-none-eabi/lib/thumb2\libc.a(lib_a-impure.o)
 .ARM.attributes
                0x000001db       0x29 c:/program files (x86)/microsemi/softconsole v3.4/sourcery-g++/bin/../lib/gcc/arm-none-eabi/4.4.1/../../../../arm-none-eabi/lib/thumb2\libc.a(lib_a-init.o)
 .ARM.attributes
                0x00000204       0x29 c:/program files (x86)/microsemi/softconsole v3.4/sourcery-g++/bin/../lib/gcc/arm-none-eabi/4.4.1/../../../../arm-none-eabi/lib/thumb2\libc.a(lib_a-memset.o)
 .ARM.attributes
                0x0000022d       0x29 c:/program files (x86)/microsemi/softconsole v3.4/sourcery-g++/bin/../lib/gcc/arm-none-eabi/4.4.1/thumb2/crtend.o
 .ARM.attributes
                0x00000256       0x19 c:/program files (x86)/microsemi/softconsole v3.4/sourcery-g++/bin/../lib/gcc/arm-none-eabi/4.4.1/thumb2/crtn.o

/DISCARD/
 *(.note.GNU-stack)
 *(.isr_vector)
OUTPUT(MSS1_MSS_CM3_app elf32-littlearm)

.debug_ranges   0x00000000      0x458
 .debug_ranges  0x00000000       0x70 ./main.o
 .debug_ranges  0x00000070       0xa0 C:/ActelProjects/SchoolMIPSActel/SchoolMIPSActel/SoftConsole/MSS1_MSS_CM3/MSS1_MSS_CM3_hw_platform/Debug/CMSIS/startup_gcc/newlib_stubs.o
 .debug_ranges  0x00000110      0x1c8 C:\ActelProjects\SchoolMIPSActel\SchoolMIPSActel\SoftConsole\MSS1_MSS_CM3\MSS1_MSS_CM3_hw_platform\Debug\libMSS1_MSS_CM3_hw_platform.a(mss_uart.o)
 .debug_ranges  0x000002d8       0xd8 C:\ActelProjects\SchoolMIPSActel\SchoolMIPSActel\SoftConsole\MSS1_MSS_CM3\MSS1_MSS_CM3_hw_platform\Debug\libMSS1_MSS_CM3_hw_platform.a(mss_spi.o)
 .debug_ranges  0x000003b0       0x60 C:\ActelProjects\SchoolMIPSActel\SchoolMIPSActel\SoftConsole\MSS1_MSS_CM3\MSS1_MSS_CM3_hw_platform\Debug\libMSS1_MSS_CM3_hw_platform.a(mss_gpio.o)
 .debug_ranges  0x00000410       0x48 C:\ActelProjects\SchoolMIPSActel\SchoolMIPSActel\SoftConsole\MSS1_MSS_CM3\MSS1_MSS_CM3_hw_platform\Debug\libMSS1_MSS_CM3_hw_platform.a(system_m2sxxx.o)
