Archive member included because of file (symbol)

C:\ActelProjects\SchoolMIPSActel\SchoolMIPSActel\SoftConsole\MSS1_MSS_CM3\MSS1_MSS_CM3_hw_platform\Release\libMSS1_MSS_CM3_hw_platform.a(mss_uart.o)
                              ./main.o (g_mss_uart0)
C:\ActelProjects\SchoolMIPSActel\SchoolMIPSActel\SoftConsole\MSS1_MSS_CM3\MSS1_MSS_CM3_hw_platform\Release\libMSS1_MSS_CM3_hw_platform.a(mss_gpio.o)
                              ./main.o (MSS_GPIO_init)
C:\ActelProjects\SchoolMIPSActel\SchoolMIPSActel\SoftConsole\MSS1_MSS_CM3\MSS1_MSS_CM3_hw_platform\Release\libMSS1_MSS_CM3_hw_platform.a(system_m2sxxx.o)
                              C:\ActelProjects\SchoolMIPSActel\SchoolMIPSActel\SoftConsole\MSS1_MSS_CM3\MSS1_MSS_CM3_hw_platform\Release\libMSS1_MSS_CM3_hw_platform.a(mss_uart.o) (SystemCoreClockUpdate)
c:/program files (x86)/microsemi/softconsole v3.4/sourcery-g++/bin/../lib/gcc/arm-none-eabi/4.4.1/../../../../arm-none-eabi/lib/thumb2\libc.a(lib_a-errno.o)
                              C:/ActelProjects/SchoolMIPSActel/SchoolMIPSActel/SoftConsole/MSS1_MSS_CM3/MSS1_MSS_CM3_hw_platform/Release/CMSIS/startup_gcc/newlib_stubs.o (__errno)
c:/program files (x86)/microsemi/softconsole v3.4/sourcery-g++/bin/../lib/gcc/arm-none-eabi/4.4.1/../../../../arm-none-eabi/lib/thumb2\libc.a(lib_a-impure.o)
                              c:/program files (x86)/microsemi/softconsole v3.4/sourcery-g++/bin/../lib/gcc/arm-none-eabi/4.4.1/../../../../arm-none-eabi/lib/thumb2\libc.a(lib_a-errno.o) (_impure_ptr)
c:/program files (x86)/microsemi/softconsole v3.4/sourcery-g++/bin/../lib/gcc/arm-none-eabi/4.4.1/../../../../arm-none-eabi/lib/thumb2\libc.a(lib_a-init.o)
                              C:/ActelProjects/SchoolMIPSActel/SchoolMIPSActel/SoftConsole/MSS1_MSS_CM3/MSS1_MSS_CM3_hw_platform/Release/CMSIS/startup_gcc/startup_m2sxxx.o (__libc_init_array)

Allocating common symbols
Common symbol       size              file

commandBuf          0x14              ./main.o
g_mss_uart1         0x40              C:\ActelProjects\SchoolMIPSActel\SchoolMIPSActel\SoftConsole\MSS1_MSS_CM3\MSS1_MSS_CM3_hw_platform\Release\libMSS1_MSS_CM3_hw_platform.a(mss_uart.o)
g_mss_uart0         0x40              C:\ActelProjects\SchoolMIPSActel\SchoolMIPSActel\SoftConsole\MSS1_MSS_CM3\MSS1_MSS_CM3_hw_platform\Release\libMSS1_MSS_CM3_hw_platform.a(mss_uart.o)
GPIO_Buff           0x4               ./main.o

Discarded input sections

 .text          0x00000000        0x0 c:/program files (x86)/microsemi/softconsole v3.4/sourcery-g++/bin/../lib/gcc/arm-none-eabi/4.4.1/thumb2/crti.o
 .data          0x00000000        0x0 c:/program files (x86)/microsemi/softconsole v3.4/sourcery-g++/bin/../lib/gcc/arm-none-eabi/4.4.1/thumb2/crti.o
 .bss           0x00000000        0x0 c:/program files (x86)/microsemi/softconsole v3.4/sourcery-g++/bin/../lib/gcc/arm-none-eabi/4.4.1/thumb2/crti.o
 .data          0x00000000        0x4 c:/program files (x86)/microsemi/softconsole v3.4/sourcery-g++/bin/../lib/gcc/arm-none-eabi/4.4.1/thumb2/crtbegin.o
 .text          0x00000000        0x0 ./main.o
 .data          0x00000000        0x0 ./main.o
 .bss           0x00000000        0x0 ./main.o
 .rodata.gp_my_uart
                0x00000000        0x4 ./main.o
 .text          0x00000000        0x0 C:/ActelProjects/SchoolMIPSActel/SchoolMIPSActel/SoftConsole/MSS1_MSS_CM3/MSS1_MSS_CM3_hw_platform/Release/CMSIS/startup_gcc/startup_m2sxxx.o
 .data          0x00000000        0x0 C:/ActelProjects/SchoolMIPSActel/SchoolMIPSActel/SoftConsole/MSS1_MSS_CM3/MSS1_MSS_CM3_hw_platform/Release/CMSIS/startup_gcc/startup_m2sxxx.o
 .bss           0x00000000        0x0 C:/ActelProjects/SchoolMIPSActel/SchoolMIPSActel/SoftConsole/MSS1_MSS_CM3/MSS1_MSS_CM3_hw_platform/Release/CMSIS/startup_gcc/startup_m2sxxx.o
 .text          0x00000000        0x0 C:/ActelProjects/SchoolMIPSActel/SchoolMIPSActel/SoftConsole/MSS1_MSS_CM3/MSS1_MSS_CM3_hw_platform/Release/CMSIS/startup_gcc/newlib_stubs.o
 .data          0x00000000        0x0 C:/ActelProjects/SchoolMIPSActel/SchoolMIPSActel/SoftConsole/MSS1_MSS_CM3/MSS1_MSS_CM3_hw_platform/Release/CMSIS/startup_gcc/newlib_stubs.o
 .bss           0x00000000        0x0 C:/ActelProjects/SchoolMIPSActel/SchoolMIPSActel/SoftConsole/MSS1_MSS_CM3/MSS1_MSS_CM3_hw_platform/Release/CMSIS/startup_gcc/newlib_stubs.o
 .text._close   0x00000000        0x8 C:/ActelProjects/SchoolMIPSActel/SchoolMIPSActel/SoftConsole/MSS1_MSS_CM3/MSS1_MSS_CM3_hw_platform/Release/CMSIS/startup_gcc/newlib_stubs.o
 .text._exit    0x00000000        0x4 C:/ActelProjects/SchoolMIPSActel/SchoolMIPSActel/SoftConsole/MSS1_MSS_CM3/MSS1_MSS_CM3_hw_platform/Release/CMSIS/startup_gcc/newlib_stubs.o
 .text._fstat   0x00000000        0xc C:/ActelProjects/SchoolMIPSActel/SchoolMIPSActel/SoftConsole/MSS1_MSS_CM3/MSS1_MSS_CM3_hw_platform/Release/CMSIS/startup_gcc/newlib_stubs.o
 .text._getpid  0x00000000        0x4 C:/ActelProjects/SchoolMIPSActel/SchoolMIPSActel/SoftConsole/MSS1_MSS_CM3/MSS1_MSS_CM3_hw_platform/Release/CMSIS/startup_gcc/newlib_stubs.o
 .text._isatty  0x00000000        0x4 C:/ActelProjects/SchoolMIPSActel/SchoolMIPSActel/SoftConsole/MSS1_MSS_CM3/MSS1_MSS_CM3_hw_platform/Release/CMSIS/startup_gcc/newlib_stubs.o
 .text._lseek   0x00000000        0x4 C:/ActelProjects/SchoolMIPSActel/SchoolMIPSActel/SoftConsole/MSS1_MSS_CM3/MSS1_MSS_CM3_hw_platform/Release/CMSIS/startup_gcc/newlib_stubs.o
 .text._open    0x00000000        0x8 C:/ActelProjects/SchoolMIPSActel/SchoolMIPSActel/SoftConsole/MSS1_MSS_CM3/MSS1_MSS_CM3_hw_platform/Release/CMSIS/startup_gcc/newlib_stubs.o
 .text._read    0x00000000        0x4 C:/ActelProjects/SchoolMIPSActel/SchoolMIPSActel/SoftConsole/MSS1_MSS_CM3/MSS1_MSS_CM3_hw_platform/Release/CMSIS/startup_gcc/newlib_stubs.o
 .text._write_r
                0x00000000        0x4 C:/ActelProjects/SchoolMIPSActel/SchoolMIPSActel/SoftConsole/MSS1_MSS_CM3/MSS1_MSS_CM3_hw_platform/Release/CMSIS/startup_gcc/newlib_stubs.o
 .text._sbrk    0x00000000       0x40 C:/ActelProjects/SchoolMIPSActel/SchoolMIPSActel/SoftConsole/MSS1_MSS_CM3/MSS1_MSS_CM3_hw_platform/Release/CMSIS/startup_gcc/newlib_stubs.o
 .text._stat    0x00000000        0xc C:/ActelProjects/SchoolMIPSActel/SchoolMIPSActel/SoftConsole/MSS1_MSS_CM3/MSS1_MSS_CM3_hw_platform/Release/CMSIS/startup_gcc/newlib_stubs.o
 .text._times   0x00000000        0x8 C:/ActelProjects/SchoolMIPSActel/SchoolMIPSActel/SoftConsole/MSS1_MSS_CM3/MSS1_MSS_CM3_hw_platform/Release/CMSIS/startup_gcc/newlib_stubs.o
 .text._wait    0x00000000       0x10 C:/ActelProjects/SchoolMIPSActel/SchoolMIPSActel/SoftConsole/MSS1_MSS_CM3/MSS1_MSS_CM3_hw_platform/Release/CMSIS/startup_gcc/newlib_stubs.o
 .text._unlink  0x00000000       0x10 C:/ActelProjects/SchoolMIPSActel/SchoolMIPSActel/SoftConsole/MSS1_MSS_CM3/MSS1_MSS_CM3_hw_platform/Release/CMSIS/startup_gcc/newlib_stubs.o
 .text._link    0x00000000       0x10 C:/ActelProjects/SchoolMIPSActel/SchoolMIPSActel/SoftConsole/MSS1_MSS_CM3/MSS1_MSS_CM3_hw_platform/Release/CMSIS/startup_gcc/newlib_stubs.o
 .text._kill    0x00000000       0x10 C:/ActelProjects/SchoolMIPSActel/SchoolMIPSActel/SoftConsole/MSS1_MSS_CM3/MSS1_MSS_CM3_hw_platform/Release/CMSIS/startup_gcc/newlib_stubs.o
 .text._fork    0x00000000       0x10 C:/ActelProjects/SchoolMIPSActel/SchoolMIPSActel/SoftConsole/MSS1_MSS_CM3/MSS1_MSS_CM3_hw_platform/Release/CMSIS/startup_gcc/newlib_stubs.o
 .text._execve  0x00000000       0x10 C:/ActelProjects/SchoolMIPSActel/SchoolMIPSActel/SoftConsole/MSS1_MSS_CM3/MSS1_MSS_CM3_hw_platform/Release/CMSIS/startup_gcc/newlib_stubs.o
 .data.environ  0x00000000        0x4 C:/ActelProjects/SchoolMIPSActel/SchoolMIPSActel/SoftConsole/MSS1_MSS_CM3/MSS1_MSS_CM3_hw_platform/Release/CMSIS/startup_gcc/newlib_stubs.o
 .bss.__env     0x00000000        0x4 C:/ActelProjects/SchoolMIPSActel/SchoolMIPSActel/SoftConsole/MSS1_MSS_CM3/MSS1_MSS_CM3_hw_platform/Release/CMSIS/startup_gcc/newlib_stubs.o
 .bss.heap_end.2220
                0x00000000        0x4 C:/ActelProjects/SchoolMIPSActel/SchoolMIPSActel/SoftConsole/MSS1_MSS_CM3/MSS1_MSS_CM3_hw_platform/Release/CMSIS/startup_gcc/newlib_stubs.o
 .text          0x00000000        0x0 C:\ActelProjects\SchoolMIPSActel\SchoolMIPSActel\SoftConsole\MSS1_MSS_CM3\MSS1_MSS_CM3_hw_platform\Release\libMSS1_MSS_CM3_hw_platform.a(mss_uart.o)
 .data          0x00000000        0x0 C:\ActelProjects\SchoolMIPSActel\SchoolMIPSActel\SoftConsole\MSS1_MSS_CM3\MSS1_MSS_CM3_hw_platform\Release\libMSS1_MSS_CM3_hw_platform.a(mss_uart.o)
 .bss           0x00000000        0x0 C:\ActelProjects\SchoolMIPSActel\SchoolMIPSActel\SoftConsole\MSS1_MSS_CM3\MSS1_MSS_CM3_hw_platform\Release\libMSS1_MSS_CM3_hw_platform.a(mss_uart.o)
 .text.MSS_UART_polled_tx
                0x00000000       0xac C:\ActelProjects\SchoolMIPSActel\SchoolMIPSActel\SoftConsole\MSS1_MSS_CM3\MSS1_MSS_CM3_hw_platform\Release\libMSS1_MSS_CM3_hw_platform.a(mss_uart.o)
 .text.MSS_UART_irq_tx
                0x00000000       0x94 C:\ActelProjects\SchoolMIPSActel\SchoolMIPSActel\SoftConsole\MSS1_MSS_CM3\MSS1_MSS_CM3_hw_platform\Release\libMSS1_MSS_CM3_hw_platform.a(mss_uart.o)
 .text.MSS_UART_tx_complete
                0x00000000       0x38 C:\ActelProjects\SchoolMIPSActel\SchoolMIPSActel\SoftConsole\MSS1_MSS_CM3\MSS1_MSS_CM3_hw_platform\Release\libMSS1_MSS_CM3_hw_platform.a(mss_uart.o)
 .text.MSS_UART_enable_irq
                0x00000000       0x6c C:\ActelProjects\SchoolMIPSActel\SchoolMIPSActel\SoftConsole\MSS1_MSS_CM3\MSS1_MSS_CM3_hw_platform\Release\libMSS1_MSS_CM3_hw_platform.a(mss_uart.o)
 .text.MSS_UART_disable_irq
                0x00000000       0x6c C:\ActelProjects\SchoolMIPSActel\SchoolMIPSActel\SoftConsole\MSS1_MSS_CM3\MSS1_MSS_CM3_hw_platform\Release\libMSS1_MSS_CM3_hw_platform.a(mss_uart.o)
 .text.MSS_UART_set_loopback
                0x00000000       0x98 C:\ActelProjects\SchoolMIPSActel\SchoolMIPSActel\SoftConsole\MSS1_MSS_CM3\MSS1_MSS_CM3_hw_platform\Release\libMSS1_MSS_CM3_hw_platform.a(mss_uart.o)
 .text.MSS_UART_set_rxstatus_handler
                0x00000000       0x6c C:\ActelProjects\SchoolMIPSActel\SchoolMIPSActel\SoftConsole\MSS1_MSS_CM3\MSS1_MSS_CM3_hw_platform\Release\libMSS1_MSS_CM3_hw_platform.a(mss_uart.o)
 .text.MSS_UART_set_tx_handler
                0x00000000       0x78 C:\ActelProjects\SchoolMIPSActel\SchoolMIPSActel\SoftConsole\MSS1_MSS_CM3\MSS1_MSS_CM3_hw_platform\Release\libMSS1_MSS_CM3_hw_platform.a(mss_uart.o)
 .text.MSS_UART_set_modemstatus_handler
                0x00000000       0x6c C:\ActelProjects\SchoolMIPSActel\SchoolMIPSActel\SoftConsole\MSS1_MSS_CM3\MSS1_MSS_CM3_hw_platform\Release\libMSS1_MSS_CM3_hw_platform.a(mss_uart.o)
 .text.MSS_UART_fill_tx_fifo
                0x00000000       0x8c C:\ActelProjects\SchoolMIPSActel\SchoolMIPSActel\SoftConsole\MSS1_MSS_CM3\MSS1_MSS_CM3_hw_platform\Release\libMSS1_MSS_CM3_hw_platform.a(mss_uart.o)
 .text.MSS_UART_get_rx_status
                0x00000000       0x30 C:\ActelProjects\SchoolMIPSActel\SchoolMIPSActel\SoftConsole\MSS1_MSS_CM3\MSS1_MSS_CM3_hw_platform\Release\libMSS1_MSS_CM3_hw_platform.a(mss_uart.o)
 .text.MSS_UART_get_modem_status
                0x00000000       0x24 C:\ActelProjects\SchoolMIPSActel\SchoolMIPSActel\SoftConsole\MSS1_MSS_CM3\MSS1_MSS_CM3_hw_platform\Release\libMSS1_MSS_CM3_hw_platform.a(mss_uart.o)
 .text.MSS_UART_get_tx_status
                0x00000000       0x30 C:\ActelProjects\SchoolMIPSActel\SchoolMIPSActel\SoftConsole\MSS1_MSS_CM3\MSS1_MSS_CM3_hw_platform\Release\libMSS1_MSS_CM3_hw_platform.a(mss_uart.o)
 .text.MSS_UART_set_break
                0x00000000       0x38 C:\ActelProjects\SchoolMIPSActel\SchoolMIPSActel\SoftConsole\MSS1_MSS_CM3\MSS1_MSS_CM3_hw_platform\Release\libMSS1_MSS_CM3_hw_platform.a(mss_uart.o)
 .text.MSS_UART_clear_break
                0x00000000       0x38 C:\ActelProjects\SchoolMIPSActel\SchoolMIPSActel\SoftConsole\MSS1_MSS_CM3\MSS1_MSS_CM3_hw_platform\Release\libMSS1_MSS_CM3_hw_platform.a(mss_uart.o)
 .text.MSS_UART_set_pidpei_handler
                0x00000000       0x6c C:\ActelProjects\SchoolMIPSActel\SchoolMIPSActel\SoftConsole\MSS1_MSS_CM3\MSS1_MSS_CM3_hw_platform\Release\libMSS1_MSS_CM3_hw_platform.a(mss_uart.o)
 .text.MSS_UART_set_linbreak_handler
                0x00000000       0x6c C:\ActelProjects\SchoolMIPSActel\SchoolMIPSActel\SoftConsole\MSS1_MSS_CM3\MSS1_MSS_CM3_hw_platform\Release\libMSS1_MSS_CM3_hw_platform.a(mss_uart.o)
 .text.MSS_UART_set_linsync_handler
                0x00000000       0x6c C:\ActelProjects\SchoolMIPSActel\SchoolMIPSActel\SoftConsole\MSS1_MSS_CM3\MSS1_MSS_CM3_hw_platform\Release\libMSS1_MSS_CM3_hw_platform.a(mss_uart.o)
 .text.MSS_UART_set_nack_handler
                0x00000000       0x68 C:\ActelProjects\SchoolMIPSActel\SchoolMIPSActel\SoftConsole\MSS1_MSS_CM3\MSS1_MSS_CM3_hw_platform\Release\libMSS1_MSS_CM3_hw_platform.a(mss_uart.o)
 .text.MSS_UART_set_rx_timeout_handler
                0x00000000       0x68 C:\ActelProjects\SchoolMIPSActel\SchoolMIPSActel\SoftConsole\MSS1_MSS_CM3\MSS1_MSS_CM3_hw_platform\Release\libMSS1_MSS_CM3_hw_platform.a(mss_uart.o)
 .text.MSS_UART_enable_half_duplex
                0x00000000       0x38 C:\ActelProjects\SchoolMIPSActel\SchoolMIPSActel\SoftConsole\MSS1_MSS_CM3\MSS1_MSS_CM3_hw_platform\Release\libMSS1_MSS_CM3_hw_platform.a(mss_uart.o)
 .text.MSS_UART_disable_half_duplex
                0x00000000       0x38 C:\ActelProjects\SchoolMIPSActel\SchoolMIPSActel\SoftConsole\MSS1_MSS_CM3\MSS1_MSS_CM3_hw_platform\Release\libMSS1_MSS_CM3_hw_platform.a(mss_uart.o)
 .text.MSS_UART_set_rx_endian
                0x00000000       0x58 C:\ActelProjects\SchoolMIPSActel\SchoolMIPSActel\SoftConsole\MSS1_MSS_CM3\MSS1_MSS_CM3_hw_platform\Release\libMSS1_MSS_CM3_hw_platform.a(mss_uart.o)
 .text.MSS_UART_set_tx_endian
                0x00000000       0x5c C:\ActelProjects\SchoolMIPSActel\SchoolMIPSActel\SoftConsole\MSS1_MSS_CM3\MSS1_MSS_CM3_hw_platform\Release\libMSS1_MSS_CM3_hw_platform.a(mss_uart.o)
 .text.MSS_UART_set_filter_length
                0x00000000       0x28 C:\ActelProjects\SchoolMIPSActel\SchoolMIPSActel\SoftConsole\MSS1_MSS_CM3\MSS1_MSS_CM3_hw_platform\Release\libMSS1_MSS_CM3_hw_platform.a(mss_uart.o)
 .text.MSS_UART_enable_afm
                0x00000000       0x38 C:\ActelProjects\SchoolMIPSActel\SchoolMIPSActel\SoftConsole\MSS1_MSS_CM3\MSS1_MSS_CM3_hw_platform\Release\libMSS1_MSS_CM3_hw_platform.a(mss_uart.o)
 .text.MSS_UART_disable_afm
                0x00000000       0x38 C:\ActelProjects\SchoolMIPSActel\SchoolMIPSActel\SoftConsole\MSS1_MSS_CM3\MSS1_MSS_CM3_hw_platform\Release\libMSS1_MSS_CM3_hw_platform.a(mss_uart.o)
 .text.MSS_UART_enable_afclear
                0x00000000       0x38 C:\ActelProjects\SchoolMIPSActel\SchoolMIPSActel\SoftConsole\MSS1_MSS_CM3\MSS1_MSS_CM3_hw_platform\Release\libMSS1_MSS_CM3_hw_platform.a(mss_uart.o)
 .text.MSS_UART_disable_afclear
                0x00000000       0x38 C:\ActelProjects\SchoolMIPSActel\SchoolMIPSActel\SoftConsole\MSS1_MSS_CM3\MSS1_MSS_CM3_hw_platform\Release\libMSS1_MSS_CM3_hw_platform.a(mss_uart.o)
 .text.MSS_UART_enable_rx_timeout
                0x00000000       0x40 C:\ActelProjects\SchoolMIPSActel\SchoolMIPSActel\SoftConsole\MSS1_MSS_CM3\MSS1_MSS_CM3_hw_platform\Release\libMSS1_MSS_CM3_hw_platform.a(mss_uart.o)
 .text.MSS_UART_disable_rx_timeout
                0x00000000       0x38 C:\ActelProjects\SchoolMIPSActel\SchoolMIPSActel\SoftConsole\MSS1_MSS_CM3\MSS1_MSS_CM3_hw_platform\Release\libMSS1_MSS_CM3_hw_platform.a(mss_uart.o)
 .text.MSS_UART_enable_tx_time_guard
                0x00000000       0x40 C:\ActelProjects\SchoolMIPSActel\SchoolMIPSActel\SoftConsole\MSS1_MSS_CM3\MSS1_MSS_CM3_hw_platform\Release\libMSS1_MSS_CM3_hw_platform.a(mss_uart.o)
 .text.MSS_UART_disable_tx_time_guard
                0x00000000       0x38 C:\ActelProjects\SchoolMIPSActel\SchoolMIPSActel\SoftConsole\MSS1_MSS_CM3\MSS1_MSS_CM3_hw_platform\Release\libMSS1_MSS_CM3_hw_platform.a(mss_uart.o)
 .text.MSS_UART_set_address
                0x00000000       0x24 C:\ActelProjects\SchoolMIPSActel\SchoolMIPSActel\SoftConsole\MSS1_MSS_CM3\MSS1_MSS_CM3_hw_platform\Release\libMSS1_MSS_CM3_hw_platform.a(mss_uart.o)
 .text.MSS_UART_set_ready_mode
                0x00000000       0x5c C:\ActelProjects\SchoolMIPSActel\SchoolMIPSActel\SoftConsole\MSS1_MSS_CM3\MSS1_MSS_CM3_hw_platform\Release\libMSS1_MSS_CM3_hw_platform.a(mss_uart.o)
 .text.MSS_UART_set_usart_mode
                0x00000000       0x38 C:\ActelProjects\SchoolMIPSActel\SchoolMIPSActel\SoftConsole\MSS1_MSS_CM3\MSS1_MSS_CM3_hw_platform\Release\libMSS1_MSS_CM3_hw_platform.a(mss_uart.o)
 .text.MSS_UART_smartcard_init
                0x00000000       0x6c C:\ActelProjects\SchoolMIPSActel\SchoolMIPSActel\SoftConsole\MSS1_MSS_CM3\MSS1_MSS_CM3_hw_platform\Release\libMSS1_MSS_CM3_hw_platform.a(mss_uart.o)
 .text.MSS_UART_irda_init
                0x00000000       0xf8 C:\ActelProjects\SchoolMIPSActel\SchoolMIPSActel\SoftConsole\MSS1_MSS_CM3\MSS1_MSS_CM3_hw_platform\Release\libMSS1_MSS_CM3_hw_platform.a(mss_uart.o)
 .text.MSS_UART_lin_init
                0x00000000       0x58 C:\ActelProjects\SchoolMIPSActel\SchoolMIPSActel\SoftConsole\MSS1_MSS_CM3\MSS1_MSS_CM3_hw_platform\Release\libMSS1_MSS_CM3_hw_platform.a(mss_uart.o)
 .text          0x00000000        0x0 C:\ActelProjects\SchoolMIPSActel\SchoolMIPSActel\SoftConsole\MSS1_MSS_CM3\MSS1_MSS_CM3_hw_platform\Release\libMSS1_MSS_CM3_hw_platform.a(mss_gpio.o)
 .data          0x00000000        0x0 C:\ActelProjects\SchoolMIPSActel\SchoolMIPSActel\SoftConsole\MSS1_MSS_CM3\MSS1_MSS_CM3_hw_platform\Release\libMSS1_MSS_CM3_hw_platform.a(mss_gpio.o)
 .bss           0x00000000        0x0 C:\ActelProjects\SchoolMIPSActel\SchoolMIPSActel\SoftConsole\MSS1_MSS_CM3\MSS1_MSS_CM3_hw_platform\Release\libMSS1_MSS_CM3_hw_platform.a(mss_gpio.o)
 .text.MSS_GPIO_drive_inout
                0x00000000       0x84 C:\ActelProjects\SchoolMIPSActel\SchoolMIPSActel\SoftConsole\MSS1_MSS_CM3\MSS1_MSS_CM3_hw_platform\Release\libMSS1_MSS_CM3_hw_platform.a(mss_gpio.o)
 .text.MSS_GPIO_disable_irq
                0x00000000       0x1c C:\ActelProjects\SchoolMIPSActel\SchoolMIPSActel\SoftConsole\MSS1_MSS_CM3\MSS1_MSS_CM3_hw_platform\Release\libMSS1_MSS_CM3_hw_platform.a(mss_gpio.o)
 .text          0x00000000        0x0 C:\ActelProjects\SchoolMIPSActel\SchoolMIPSActel\SoftConsole\MSS1_MSS_CM3\MSS1_MSS_CM3_hw_platform\Release\libMSS1_MSS_CM3_hw_platform.a(system_m2sxxx.o)
 .data          0x00000000        0x0 C:\ActelProjects\SchoolMIPSActel\SchoolMIPSActel\SoftConsole\MSS1_MSS_CM3\MSS1_MSS_CM3_hw_platform\Release\libMSS1_MSS_CM3_hw_platform.a(system_m2sxxx.o)
 .bss           0x00000000        0x0 C:\ActelProjects\SchoolMIPSActel\SchoolMIPSActel\SoftConsole\MSS1_MSS_CM3\MSS1_MSS_CM3_hw_platform\Release\libMSS1_MSS_CM3_hw_platform.a(system_m2sxxx.o)
 .text          0x00000000        0xc c:/program files (x86)/microsemi/softconsole v3.4/sourcery-g++/bin/../lib/gcc/arm-none-eabi/4.4.1/../../../../arm-none-eabi/lib/thumb2\libc.a(lib_a-errno.o)
 .data          0x00000000        0x0 c:/program files (x86)/microsemi/softconsole v3.4/sourcery-g++/bin/../lib/gcc/arm-none-eabi/4.4.1/../../../../arm-none-eabi/lib/thumb2\libc.a(lib_a-errno.o)
 .bss           0x00000000        0x0 c:/program files (x86)/microsemi/softconsole v3.4/sourcery-g++/bin/../lib/gcc/arm-none-eabi/4.4.1/../../../../arm-none-eabi/lib/thumb2\libc.a(lib_a-errno.o)
 .text          0x00000000        0x0 c:/program files (x86)/microsemi/softconsole v3.4/sourcery-g++/bin/../lib/gcc/arm-none-eabi/4.4.1/../../../../arm-none-eabi/lib/thumb2\libc.a(lib_a-impure.o)
 .data          0x00000000       0xf4 c:/program files (x86)/microsemi/softconsole v3.4/sourcery-g++/bin/../lib/gcc/arm-none-eabi/4.4.1/../../../../arm-none-eabi/lib/thumb2\libc.a(lib_a-impure.o)
 .bss           0x00000000        0x0 c:/program files (x86)/microsemi/softconsole v3.4/sourcery-g++/bin/../lib/gcc/arm-none-eabi/4.4.1/../../../../arm-none-eabi/lib/thumb2\libc.a(lib_a-impure.o)
 .rodata        0x00000000        0x4 c:/program files (x86)/microsemi/softconsole v3.4/sourcery-g++/bin/../lib/gcc/arm-none-eabi/4.4.1/../../../../arm-none-eabi/lib/thumb2\libc.a(lib_a-impure.o)
 .rodata.str1.4
                0x00000000        0x4 c:/program files (x86)/microsemi/softconsole v3.4/sourcery-g++/bin/../lib/gcc/arm-none-eabi/4.4.1/../../../../arm-none-eabi/lib/thumb2\libc.a(lib_a-impure.o)
 .data          0x00000000        0x0 c:/program files (x86)/microsemi/softconsole v3.4/sourcery-g++/bin/../lib/gcc/arm-none-eabi/4.4.1/../../../../arm-none-eabi/lib/thumb2\libc.a(lib_a-init.o)
 .bss           0x00000000        0x0 c:/program files (x86)/microsemi/softconsole v3.4/sourcery-g++/bin/../lib/gcc/arm-none-eabi/4.4.1/../../../../arm-none-eabi/lib/thumb2\libc.a(lib_a-init.o)
 .text          0x00000000        0x0 c:/program files (x86)/microsemi/softconsole v3.4/sourcery-g++/bin/../lib/gcc/arm-none-eabi/4.4.1/thumb2/crtend.o
 .data          0x00000000        0x0 c:/program files (x86)/microsemi/softconsole v3.4/sourcery-g++/bin/../lib/gcc/arm-none-eabi/4.4.1/thumb2/crtend.o
 .bss           0x00000000        0x0 c:/program files (x86)/microsemi/softconsole v3.4/sourcery-g++/bin/../lib/gcc/arm-none-eabi/4.4.1/thumb2/crtend.o
 .text          0x00000000        0x0 c:/program files (x86)/microsemi/softconsole v3.4/sourcery-g++/bin/../lib/gcc/arm-none-eabi/4.4.1/thumb2/crtn.o
 .data          0x00000000        0x0 c:/program files (x86)/microsemi/softconsole v3.4/sourcery-g++/bin/../lib/gcc/arm-none-eabi/4.4.1/thumb2/crtn.o
 .bss           0x00000000        0x0 c:/program files (x86)/microsemi/softconsole v3.4/sourcery-g++/bin/../lib/gcc/arm-none-eabi/4.4.1/thumb2/crtn.o

Memory Configuration

Name             Origin             Length             Attributes
rom              0x00000000         0x00040000         xr
ram              0x20000000         0x00010000         xrw
*default*        0x00000000         0xffffffff

Linker script and memory map

LOAD c:/program files (x86)/microsemi/softconsole v3.4/sourcery-g++/bin/../lib/gcc/arm-none-eabi/4.4.1/thumb2/crti.o
LOAD c:/program files (x86)/microsemi/softconsole v3.4/sourcery-g++/bin/../lib/gcc/arm-none-eabi/4.4.1/thumb2/crtbegin.o
LOAD ./main.o
LOAD C:/ActelProjects/SchoolMIPSActel/SchoolMIPSActel/SoftConsole/MSS1_MSS_CM3/MSS1_MSS_CM3_hw_platform/Release/CMSIS/startup_gcc/startup_m2sxxx.o
LOAD C:/ActelProjects/SchoolMIPSActel/SchoolMIPSActel/SoftConsole/MSS1_MSS_CM3/MSS1_MSS_CM3_hw_platform/Release/CMSIS/startup_gcc/newlib_stubs.o
LOAD C:\ActelProjects\SchoolMIPSActel\SchoolMIPSActel\SoftConsole\MSS1_MSS_CM3\MSS1_MSS_CM3_hw_platform\Release\libMSS1_MSS_CM3_hw_platform.a
START GROUP
LOAD c:/program files (x86)/microsemi/softconsole v3.4/sourcery-g++/bin/../lib/gcc/arm-none-eabi/4.4.1/thumb2\libgcc.a
LOAD c:/program files (x86)/microsemi/softconsole v3.4/sourcery-g++/bin/../lib/gcc/arm-none-eabi/4.4.1/../../../../arm-none-eabi/lib/thumb2\libc.a
LOAD c:/program files (x86)/microsemi/softconsole v3.4/sourcery-g++/bin/../lib/gcc/arm-none-eabi/4.4.1/thumb2\libgcc.a
END GROUP
LOAD c:/program files (x86)/microsemi/softconsole v3.4/sourcery-g++/bin/../lib/gcc/arm-none-eabi/4.4.1/thumb2/crtend.o
LOAD c:/program files (x86)/microsemi/softconsole v3.4/sourcery-g++/bin/../lib/gcc/arm-none-eabi/4.4.1/thumb2/crtn.o
START GROUP
LOAD c:/program files (x86)/microsemi/softconsole v3.4/sourcery-g++/bin/../lib/gcc/arm-none-eabi/4.4.1/../../../../arm-none-eabi/lib/thumb2\libc.a
LOAD c:/program files (x86)/microsemi/softconsole v3.4/sourcery-g++/bin/../lib/gcc/arm-none-eabi/4.4.1/thumb2\libgcc.a
LOAD c:/program files (x86)/microsemi/softconsole v3.4/sourcery-g++/bin/../lib/gcc/arm-none-eabi/4.4.1/../../../../arm-none-eabi/lib/thumb2\libm.a
END GROUP
                0x00000000                __DYNAMIC = 0x0
                0x20000000                RAM_START_ADDRESS = 0x20000000
                0x00010000                RAM_SIZE = 0x10000
                0x00001000                MAIN_STACK_SIZE = 0x1000
                0x00001000                MIN_SIZE_HEAP = 0x1000
                0x20010000                PROVIDE (__main_stack_start, (RAM_START_ADDRESS + RAM_SIZE))
                0x2000f000                PROVIDE (__process_stack_start, (__main_stack_start - MAIN_STACK_SIZE))
                0x20010000                PROVIDE (_estack, __main_stack_start)
                0x00000000                PROVIDE (__mirrored_nvm, 0x0)
                0x00000000                PROVIDE (__smartfusion2_memory_remap, 0x0)

.vector_table   0x00000000      0x190
                0x00000000                __vector_table_load = LOADADDR (.vector_table)
                0x00000000                __vector_table_start = .
                0x00000000                __vector_table_vma_base_address = .
 *(.isr_vector)
 .isr_vector    0x00000000      0x190 C:/ActelProjects/SchoolMIPSActel/SchoolMIPSActel/SoftConsole/MSS1_MSS_CM3/MSS1_MSS_CM3_hw_platform/Release/CMSIS/startup_gcc/startup_m2sxxx.o
                0x00000000                g_pfnVectors
                0x00000190                . = ALIGN (0x10)
                0x00000190                _evector_table = .

.boot_code      0x00000190      0x330
 *(.boot_code)
 .boot_code     0x00000190      0x330 C:/ActelProjects/SchoolMIPSActel/SchoolMIPSActel/SoftConsole/MSS1_MSS_CM3/MSS1_MSS_CM3_hw_platform/Release/CMSIS/startup_gcc/startup_m2sxxx.o
                0x00000190                Reset_Handler
                0x0000037e                NMI_Handler
                0x00000380                HardFault_Handler
                0x00000382                MemManage_Handler
                0x00000384                BusFault_Handler
                0x00000386                UsageFault_Handler
                0x00000388                SVC_Handler
                0x0000038a                DebugMon_Handler
                0x0000038c                PendSV_Handler
                0x0000038e                SysTick_Handler
                0x00000390                WdogWakeup_IRQHandler
                0x00000392                RTC_Wakeup_IRQHandler
                0x00000394                SPI0_IRQHandler
                0x00000396                SPI1_IRQHandler
                0x00000398                I2C0_IRQHandler
                0x0000039a                I2C0_SMBAlert_IRQHandler
                0x0000039c                I2C0_SMBus_IRQHandler
                0x0000039e                I2C1_IRQHandler
                0x000003a0                I2C1_SMBAlert_IRQHandler
                0x000003a2                I2C1_SMBus_IRQHandler
                0x000003a8                EthernetMAC_IRQHandler
                0x000003aa                DMA_IRQHandler
                0x000003ac                Timer1_IRQHandler
                0x000003ae                Timer2_IRQHandler
                0x000003b0                CAN_IRQHandler
                0x000003b2                ENVM0_IRQHandler
                0x000003b4                ENVM1_IRQHandler
                0x000003b6                ComBlk_IRQHandler
                0x000003b8                USB_IRQHandler
                0x000003ba                USB_DMA_IRQHandler
                0x000003bc                PLL_Lock_IRQHandler
                0x000003be                PLL_LockLost_IRQHandler
                0x000003c0                CommSwitchError_IRQHandler
                0x000003c2                CacheError_IRQHandler
                0x000003c4                DDR_IRQHandler
                0x000003c6                HPDMA_Complete_IRQHandler
                0x000003c8                HPDMA_Error_IRQHandler
                0x000003ca                ECC_Error_IRQHandler
                0x000003cc                MDDR_IOCalib_IRQHandler
                0x000003ce                FAB_PLL_Lock_IRQHandler
                0x000003d0                FAB_PLL_LockLost_IRQHandler
                0x000003d2                FIC64_IRQHandler
                0x000003d4                FabricIrq0_IRQHandler
                0x000003d6                FabricIrq1_IRQHandler
                0x000003d8                FabricIrq2_IRQHandler
                0x000003da                FabricIrq3_IRQHandler
                0x000003dc                FabricIrq4_IRQHandler
                0x000003de                FabricIrq5_IRQHandler
                0x000003e0                FabricIrq6_IRQHandler
                0x000003e2                FabricIrq7_IRQHandler
                0x000003e4                FabricIrq8_IRQHandler
                0x000003e6                FabricIrq9_IRQHandler
                0x000003e8                FabricIrq10_IRQHandler
                0x000003ea                FabricIrq11_IRQHandler
                0x000003ec                FabricIrq12_IRQHandler
                0x000003ee                FabricIrq13_IRQHandler
                0x000003f0                FabricIrq14_IRQHandler
                0x000003f2                FabricIrq15_IRQHandler
                0x000003f4                GPIO0_IRQHandler
                0x000003f6                GPIO1_IRQHandler
                0x000003f8                GPIO2_IRQHandler
                0x000003fa                GPIO3_IRQHandler
                0x000003fc                GPIO4_IRQHandler
                0x000003fe                GPIO5_IRQHandler
                0x00000400                GPIO6_IRQHandler
                0x00000402                GPIO7_IRQHandler
                0x00000404                GPIO8_IRQHandler
                0x00000406                GPIO9_IRQHandler
                0x0000040a                GPIO11_IRQHandler
                0x0000040c                GPIO12_IRQHandler
                0x0000040e                GPIO13_IRQHandler
                0x00000410                GPIO14_IRQHandler
                0x00000412                GPIO15_IRQHandler
                0x00000414                GPIO16_IRQHandler
                0x00000416                GPIO17_IRQHandler
                0x00000418                GPIO18_IRQHandler
                0x0000041a                GPIO19_IRQHandler
                0x0000041c                GPIO20_IRQHandler
                0x0000041e                GPIO21_IRQHandler
                0x00000420                GPIO22_IRQHandler
                0x00000422                GPIO23_IRQHandler
                0x00000424                GPIO24_IRQHandler
                0x00000426                GPIO25_IRQHandler
                0x00000428                GPIO26_IRQHandler
                0x0000042a                GPIO27_IRQHandler
                0x0000042c                GPIO28_IRQHandler
                0x0000042e                GPIO29_IRQHandler
                0x00000430                GPIO30_IRQHandler
                0x00000432                GPIO31_IRQHandler
                0x00000434                mscc_post_hw_cfg_init
                0x000004c0                . = ALIGN (0x10)

.text           0x000004c0     0x1590
 CREATE_OBJECT_SYMBOLS
                0x000004c0                __text_load = LOADADDR (.text)
                0x000004c0                __text_start = .
 *(.text .text.* .gnu.linkonce.t.*)
 .text          0x000004c0       0x30 c:/program files (x86)/microsemi/softconsole v3.4/sourcery-g++/bin/../lib/gcc/arm-none-eabi/4.4.1/thumb2/crtbegin.o
 .text.GPIO10_IRQHandler
                0x000004f0      0x6e8 ./main.o
                0x000004f0                GPIO10_IRQHandler
 .text.uart0_rx_handler
                0x00000bd8       0x64 ./main.o
                0x00000bd8                uart0_rx_handler
 .text.main     0x00000c3c      0x2cc ./main.o
                0x00000c3c                main
 .text.MSS_UART_polled_tx_string
                0x00000f08       0x7c C:\ActelProjects\SchoolMIPSActel\SchoolMIPSActel\SoftConsole\MSS1_MSS_CM3\MSS1_MSS_CM3_hw_platform\Release\libMSS1_MSS_CM3_hw_platform.a(mss_uart.o)
                0x00000f08                MSS_UART_polled_tx_string
 .text.MSS_UART_get_rx
                0x00000f84       0x74 C:\ActelProjects\SchoolMIPSActel\SchoolMIPSActel\SoftConsole\MSS1_MSS_CM3\MSS1_MSS_CM3_hw_platform\Release\libMSS1_MSS_CM3_hw_platform.a(mss_uart.o)
                0x00000f84                MSS_UART_get_rx
 .text.MSS_UART_set_rx_handler
                0x00000ff8       0x84 C:\ActelProjects\SchoolMIPSActel\SchoolMIPSActel\SoftConsole\MSS1_MSS_CM3\MSS1_MSS_CM3_hw_platform\Release\libMSS1_MSS_CM3_hw_platform.a(mss_uart.o)
                0x00000ff8                MSS_UART_set_rx_handler
 .text.MSS_UART_isr
                0x0000107c      0x15c C:\ActelProjects\SchoolMIPSActel\SchoolMIPSActel\SoftConsole\MSS1_MSS_CM3\MSS1_MSS_CM3_hw_platform\Release\libMSS1_MSS_CM3_hw_platform.a(mss_uart.o)
 .text.UART1_IRQHandler
                0x000011d8       0x20 C:\ActelProjects\SchoolMIPSActel\SchoolMIPSActel\SoftConsole\MSS1_MSS_CM3\MSS1_MSS_CM3_hw_platform\Release\libMSS1_MSS_CM3_hw_platform.a(mss_uart.o)
                0x000011d8                UART1_IRQHandler
 .text.UART0_IRQHandler
                0x000011f8       0x20 C:\ActelProjects\SchoolMIPSActel\SchoolMIPSActel\SoftConsole\MSS1_MSS_CM3\MSS1_MSS_CM3_hw_platform\Release\libMSS1_MSS_CM3_hw_platform.a(mss_uart.o)
                0x000011f8                UART0_IRQHandler
 .text.default_tx_handler
                0x00001218       0xc0 C:\ActelProjects\SchoolMIPSActel\SchoolMIPSActel\SoftConsole\MSS1_MSS_CM3\MSS1_MSS_CM3_hw_platform\Release\libMSS1_MSS_CM3_hw_platform.a(mss_uart.o)
 .text.global_init
                0x000012d8      0x2fc C:\ActelProjects\SchoolMIPSActel\SchoolMIPSActel\SoftConsole\MSS1_MSS_CM3\MSS1_MSS_CM3_hw_platform\Release\libMSS1_MSS_CM3_hw_platform.a(mss_uart.o)
 .text.MSS_UART_init
                0x000015d4       0x60 C:\ActelProjects\SchoolMIPSActel\SchoolMIPSActel\SoftConsole\MSS1_MSS_CM3\MSS1_MSS_CM3_hw_platform\Release\libMSS1_MSS_CM3_hw_platform.a(mss_uart.o)
                0x000015d4                MSS_UART_init
 .text.MSS_GPIO_init
                0x00001634       0x98 C:\ActelProjects\SchoolMIPSActel\SchoolMIPSActel\SoftConsole\MSS1_MSS_CM3\MSS1_MSS_CM3_hw_platform\Release\libMSS1_MSS_CM3_hw_platform.a(mss_gpio.o)
                0x00001634                MSS_GPIO_init
 .text.MSS_GPIO_config
                0x000016cc       0x14 C:\ActelProjects\SchoolMIPSActel\SchoolMIPSActel\SoftConsole\MSS1_MSS_CM3\MSS1_MSS_CM3_hw_platform\Release\libMSS1_MSS_CM3_hw_platform.a(mss_gpio.o)
                0x000016cc                MSS_GPIO_config
 .text.MSS_GPIO_set_output
                0x000016e0       0x2c C:\ActelProjects\SchoolMIPSActel\SchoolMIPSActel\SoftConsole\MSS1_MSS_CM3\MSS1_MSS_CM3_hw_platform\Release\libMSS1_MSS_CM3_hw_platform.a(mss_gpio.o)
                0x000016e0                MSS_GPIO_set_output
 .text.MSS_GPIO_enable_irq
                0x0000170c       0x44 C:\ActelProjects\SchoolMIPSActel\SchoolMIPSActel\SoftConsole\MSS1_MSS_CM3\MSS1_MSS_CM3_hw_platform\Release\libMSS1_MSS_CM3_hw_platform.a(mss_gpio.o)
                0x0000170c                MSS_GPIO_enable_irq
 .text.MSS_GPIO_clear_irq
                0x00001750       0x1c C:\ActelProjects\SchoolMIPSActel\SchoolMIPSActel\SoftConsole\MSS1_MSS_CM3\MSS1_MSS_CM3_hw_platform\Release\libMSS1_MSS_CM3_hw_platform.a(mss_gpio.o)
                0x00001750                MSS_GPIO_clear_irq
 .text.SystemCoreClockUpdate
                0x0000176c      0x17c C:\ActelProjects\SchoolMIPSActel\SchoolMIPSActel\SoftConsole\MSS1_MSS_CM3\MSS1_MSS_CM3_hw_platform\Release\libMSS1_MSS_CM3_hw_platform.a(system_m2sxxx.o)
                0x0000176c                SystemCoreClockUpdate
 .text.SystemInit
                0x000018e8       0x40 C:\ActelProjects\SchoolMIPSActel\SchoolMIPSActel\SoftConsole\MSS1_MSS_CM3\MSS1_MSS_CM3_hw_platform\Release\libMSS1_MSS_CM3_hw_platform.a(system_m2sxxx.o)
                0x000018e8                SystemInit
 .text          0x00001928       0x50 c:/program files (x86)/microsemi/softconsole v3.4/sourcery-g++/bin/../lib/gcc/arm-none-eabi/4.4.1/../../../../arm-none-eabi/lib/thumb2\libc.a(lib_a-init.o)
                0x00001928                __libc_init_array
 *(.plt)
 *(.gnu.warning)
 *(.glue_7t)
 .glue_7t       0x00000000        0x0 linker stubs
 *(.glue_7)
 .glue_7        0x00000000        0x0 linker stubs
 *(.vfp11_veneer)
 .vfp11_veneer  0x00000000        0x0 linker stubs
                0x00001978                . = ALIGN (0x4)
 *crtbegin.o(.ctors)
 *(EXCLUDE_FILE(*crtend.o) .ctors)
 *(SORT(.ctors.*))
 *crtend.o(.ctors)
 *crtbegin.o(.dtors)
 *(EXCLUDE_FILE(*crtend.o) .dtors)
 *(SORT(.dtors.*))
 *crtend.o(.dtors)
 *(.rodata .rodata.* .gnu.linkonce.r.*)
 .rodata.str1.4
                0x00001978        0x4 ./main.o
 .rodata.g_gpio_irqn_lut
                0x0000197c       0x20 C:\ActelProjects\SchoolMIPSActel\SchoolMIPSActel\SoftConsole\MSS1_MSS_CM3\MSS1_MSS_CM3_hw_platform\Release\libMSS1_MSS_CM3_hw_platform.a(mss_gpio.o)
 .rodata.g_config_reg_lut
                0x0000199c       0x80 C:\ActelProjects\SchoolMIPSActel\SchoolMIPSActel\SoftConsole\MSS1_MSS_CM3\MSS1_MSS_CM3_hw_platform\Release\libMSS1_MSS_CM3_hw_platform.a(mss_gpio.o)
 .rodata.C.16.3514
                0x00001a1c        0x8 C:\ActelProjects\SchoolMIPSActel\SchoolMIPSActel\SoftConsole\MSS1_MSS_CM3\MSS1_MSS_CM3_hw_platform\Release\libMSS1_MSS_CM3_hw_platform.a(system_m2sxxx.o)
 *(.ARM.extab* .gnu.linkonce.armextab.*)
 *(.gcc_except_table)
 *(.eh_frame_hdr)
 *(.eh_frame)
 *(.vector_table)
 *(.init)
 .init          0x00001a24        0x4 c:/program files (x86)/microsemi/softconsole v3.4/sourcery-g++/bin/../lib/gcc/arm-none-eabi/4.4.1/thumb2/crti.o
                0x00001a24                _init
 .init          0x00001a28        0x8 c:/program files (x86)/microsemi/softconsole v3.4/sourcery-g++/bin/../lib/gcc/arm-none-eabi/4.4.1/thumb2/crtn.o
 *(.fini)
 .fini          0x00001a30        0x4 c:/program files (x86)/microsemi/softconsole v3.4/sourcery-g++/bin/../lib/gcc/arm-none-eabi/4.4.1/thumb2/crti.o
                0x00001a30                _fini
 .fini          0x00001a34        0x8 c:/program files (x86)/microsemi/softconsole v3.4/sourcery-g++/bin/../lib/gcc/arm-none-eabi/4.4.1/thumb2/crtn.o
                0x00001a3c                PROVIDE (__preinit_array_start, .)
 *(.preinit_array)
                0x00001a3c                PROVIDE (__preinit_array_end, .)
                0x00001a3c                PROVIDE (__init_array_start, .)
 *(SORT(.init_array.*))
 *(.init_array)
 .init_array    0x00001a3c        0x4 c:/program files (x86)/microsemi/softconsole v3.4/sourcery-g++/bin/../lib/gcc/arm-none-eabi/4.4.1/thumb2/crtbegin.o
                0x00001a40                PROVIDE (__init_array_end, .)
                0x00001a40                PROVIDE (__fini_array_start, .)
 *(.fini_array)
 .fini_array    0x00001a40        0x4 c:/program files (x86)/microsemi/softconsole v3.4/sourcery-g++/bin/../lib/gcc/arm-none-eabi/4.4.1/thumb2/crtbegin.o
 *(SORT(.fini_array.*))
                0x00001a44                PROVIDE (__fini_array_end, .)
                0x00001a50                . = ALIGN (0x10)
 *fill*         0x00001a44        0xc 00
                0x00001a50                __exidx_start = .

.v4_bx          0x00001a50        0x0
 .v4_bx         0x00000000        0x0 linker stubs

.ARM.exidx
 *(.ARM.exidx* .gnu.linkonce.armexidx.*)
                0x00001a50                __exidx_end = .
                0x00001a50                _etext = .

.data           0x20000000       0x30 load address 0x00001a50
                0x00001a50                __data_load = LOADADDR (.data)
                0x00001a50                _sidata = LOADADDR (.data)
                0x20000000                __data_start = .
                0x20000000                _sdata = .
 *(.jcr)
 .jcr           0x20000000        0x0 c:/program files (x86)/microsemi/softconsole v3.4/sourcery-g++/bin/../lib/gcc/arm-none-eabi/4.4.1/thumb2/crtbegin.o
 .jcr           0x20000000        0x4 c:/program files (x86)/microsemi/softconsole v3.4/sourcery-g++/bin/../lib/gcc/arm-none-eabi/4.4.1/thumb2/crtend.o
 *(.got.plt)
 *(.got)
 *(.shdata)
 *(.data .data.* .gnu.linkonce.d.*)
 .data.Message  0x20000004        0xc ./main.o
                0x20000004                Message
 .data.g_FrequencyFIC64
                0x20000010        0x4 C:\ActelProjects\SchoolMIPSActel\SchoolMIPSActel\SoftConsole\MSS1_MSS_CM3\MSS1_MSS_CM3_hw_platform\Release\libMSS1_MSS_CM3_hw_platform.a(system_m2sxxx.o)
                0x20000010                g_FrequencyFIC64
 .data.g_FrequencyPCLK2
                0x20000014        0x4 C:\ActelProjects\SchoolMIPSActel\SchoolMIPSActel\SoftConsole\MSS1_MSS_CM3\MSS1_MSS_CM3_hw_platform\Release\libMSS1_MSS_CM3_hw_platform.a(system_m2sxxx.o)
                0x20000014                g_FrequencyPCLK2
 .data.g_FrequencyFIC0
                0x20000018        0x4 C:\ActelProjects\SchoolMIPSActel\SchoolMIPSActel\SoftConsole\MSS1_MSS_CM3\MSS1_MSS_CM3_hw_platform\Release\libMSS1_MSS_CM3_hw_platform.a(system_m2sxxx.o)
                0x20000018                g_FrequencyFIC0
 .data.g_FrequencyFIC1
                0x2000001c        0x4 C:\ActelProjects\SchoolMIPSActel\SchoolMIPSActel\SoftConsole\MSS1_MSS_CM3\MSS1_MSS_CM3_hw_platform\Release\libMSS1_MSS_CM3_hw_platform.a(system_m2sxxx.o)
                0x2000001c                g_FrequencyFIC1
 .data.g_FrequencyPCLK0
                0x20000020        0x4 C:\ActelProjects\SchoolMIPSActel\SchoolMIPSActel\SoftConsole\MSS1_MSS_CM3\MSS1_MSS_CM3_hw_platform\Release\libMSS1_MSS_CM3_hw_platform.a(system_m2sxxx.o)
                0x20000020                g_FrequencyPCLK0
 .data.g_FrequencyPCLK1
                0x20000024        0x4 C:\ActelProjects\SchoolMIPSActel\SchoolMIPSActel\SoftConsole\MSS1_MSS_CM3\MSS1_MSS_CM3_hw_platform\Release\libMSS1_MSS_CM3_hw_platform.a(system_m2sxxx.o)
                0x20000024                g_FrequencyPCLK1
 .data.SystemCoreClock
                0x20000028        0x4 C:\ActelProjects\SchoolMIPSActel\SchoolMIPSActel\SoftConsole\MSS1_MSS_CM3\MSS1_MSS_CM3_hw_platform\Release\libMSS1_MSS_CM3_hw_platform.a(system_m2sxxx.o)
                0x20000028                SystemCoreClock
                0x20000030                . = ALIGN (0x10)
 *fill*         0x2000002c        0x4 00
                0x20000030                _edata = .

.bss            0x20000030       0xb0 load address 0x00001a80
                0x20000030                __bss_start__ = .
                0x20000030                _sbss = .
 *(.shbss)
 *(.bss .bss.* .gnu.linkonce.b.*)
 .bss           0x20000030        0x1 c:/program files (x86)/microsemi/softconsole v3.4/sourcery-g++/bin/../lib/gcc/arm-none-eabi/4.4.1/thumb2/crtbegin.o
 .bss.commandNumber
                0x20000031        0x1 ./main.o
                0x20000031                commandNumber
 *fill*         0x20000032        0x2 00
 .bss.GPIO_Value
                0x20000034        0x4 ./main.o
                0x20000034                GPIO_Value
 .bss.commandReady
                0x20000038        0x1 ./main.o
                0x20000038                commandReady
 *(COMMON)
 *fill*         0x20000039        0x3 00
 COMMON         0x2000003c       0x18 ./main.o
                0x2000003c                commandBuf
                0x20000050                GPIO_Buff
 COMMON         0x20000054       0x80 C:\ActelProjects\SchoolMIPSActel\SchoolMIPSActel\SoftConsole\MSS1_MSS_CM3\MSS1_MSS_CM3_hw_platform\Release\libMSS1_MSS_CM3_hw_platform.a(mss_uart.o)
                0x20000054                g_mss_uart1
                0x20000094                g_mss_uart0
                0x200000e0                . = ALIGN (0x10)
 *fill*         0x200000d4        0xc 00
                0x200000e0                __bss_end__ = .
                0x200000e0                _end = .
                0x200000e0                __end = _end
                0x200000e0                _ebss = .
                0x200000e0                PROVIDE (end, .)

.heap           0x200000e0     0xef20 load address 0x00001a80
                0x200000e0                __heap_start__ = .
                0x200010e0                . = (. + MIN_SIZE_HEAP)
 *fill*         0x200000e0     0x1000 00
                0x2000f000                . = (. + (((ABSOLUTE (RAM_START_ADDRESS) + RAM_SIZE) - MAIN_STACK_SIZE) - .))
 *fill*         0x200010e0     0xdf20 00
                0x2000f000                _eheap = .

.stack          0x2000f000     0x1000 load address 0x00001a80
                0x2000f000                __stack_start__ = .
                0x20010000                . = (. + MAIN_STACK_SIZE)
 *fill*         0x2000f000     0x1000 00
                0x20010000                _estack = .

.stab
 *(.stab)

.stabstr
 *(.stabstr)

.debug
 *(.debug)

.line
 *(.line)

.debug_srcinfo
 *(.debug_srcinfo)

.debug_sfnames
 *(.debug_sfnames)

.comment        0x00000000       0xd7
 .comment       0x00000000       0x2b ./main.o
 .comment       0x0000002b       0x2b C:/ActelProjects/SchoolMIPSActel/SchoolMIPSActel/SoftConsole/MSS1_MSS_CM3/MSS1_MSS_CM3_hw_platform/Release/CMSIS/startup_gcc/newlib_stubs.o
 .comment       0x00000056       0x2b C:\ActelProjects\SchoolMIPSActel\SchoolMIPSActel\SoftConsole\MSS1_MSS_CM3\MSS1_MSS_CM3_hw_platform\Release\libMSS1_MSS_CM3_hw_platform.a(mss_uart.o)
 .comment       0x00000081       0x2b C:\ActelProjects\SchoolMIPSActel\SchoolMIPSActel\SoftConsole\MSS1_MSS_CM3\MSS1_MSS_CM3_hw_platform\Release\libMSS1_MSS_CM3_hw_platform.a(mss_gpio.o)
 .comment       0x000000ac       0x2b C:\ActelProjects\SchoolMIPSActel\SchoolMIPSActel\SoftConsole\MSS1_MSS_CM3\MSS1_MSS_CM3_hw_platform\Release\libMSS1_MSS_CM3_hw_platform.a(system_m2sxxx.o)

.debug_aranges  0x00000000      0x2b8
 *(.debug_aranges)
 .debug_aranges
                0x00000000       0xa8 C:/ActelProjects/SchoolMIPSActel/SchoolMIPSActel/SoftConsole/MSS1_MSS_CM3/MSS1_MSS_CM3_hw_platform/Release/CMSIS/startup_gcc/newlib_stubs.o
 .debug_aranges
                0x000000a8      0x198 C:\ActelProjects\SchoolMIPSActel\SchoolMIPSActel\SoftConsole\MSS1_MSS_CM3\MSS1_MSS_CM3_hw_platform\Release\libMSS1_MSS_CM3_hw_platform.a(mss_uart.o)
 .debug_aranges
                0x00000240       0x50 C:\ActelProjects\SchoolMIPSActel\SchoolMIPSActel\SoftConsole\MSS1_MSS_CM3\MSS1_MSS_CM3_hw_platform\Release\libMSS1_MSS_CM3_hw_platform.a(mss_gpio.o)
 .debug_aranges
                0x00000290       0x28 C:\ActelProjects\SchoolMIPSActel\SchoolMIPSActel\SoftConsole\MSS1_MSS_CM3\MSS1_MSS_CM3_hw_platform\Release\libMSS1_MSS_CM3_hw_platform.a(system_m2sxxx.o)

.debug_pubnames
                0x00000000      0x776
 *(.debug_pubnames)
 .debug_pubnames
                0x00000000       0xeb C:/ActelProjects/SchoolMIPSActel/SchoolMIPSActel/SoftConsole/MSS1_MSS_CM3/MSS1_MSS_CM3_hw_platform/Release/CMSIS/startup_gcc/newlib_stubs.o
 .debug_pubnames
                0x000000eb      0x50f C:\ActelProjects\SchoolMIPSActel\SchoolMIPSActel\SoftConsole\MSS1_MSS_CM3\MSS1_MSS_CM3_hw_platform\Release\libMSS1_MSS_CM3_hw_platform.a(mss_uart.o)
 .debug_pubnames
                0x000005fa       0xb1 C:\ActelProjects\SchoolMIPSActel\SchoolMIPSActel\SoftConsole\MSS1_MSS_CM3\MSS1_MSS_CM3_hw_platform\Release\libMSS1_MSS_CM3_hw_platform.a(mss_gpio.o)
 .debug_pubnames
                0x000006ab       0xcb C:\ActelProjects\SchoolMIPSActel\SchoolMIPSActel\SoftConsole\MSS1_MSS_CM3\MSS1_MSS_CM3_hw_platform\Release\libMSS1_MSS_CM3_hw_platform.a(system_m2sxxx.o)

.debug_info     0x00000000     0x4e6e
 *(.debug_info .gnu.linkonce.wi.*)
 .debug_info    0x00000000      0x702 C:/ActelProjects/SchoolMIPSActel/SchoolMIPSActel/SoftConsole/MSS1_MSS_CM3/MSS1_MSS_CM3_hw_platform/Release/CMSIS/startup_gcc/newlib_stubs.o
 .debug_info    0x00000702     0x29c7 C:\ActelProjects\SchoolMIPSActel\SchoolMIPSActel\SoftConsole\MSS1_MSS_CM3\MSS1_MSS_CM3_hw_platform\Release\libMSS1_MSS_CM3_hw_platform.a(mss_uart.o)
 .debug_info    0x000030c9     0x1168 C:\ActelProjects\SchoolMIPSActel\SchoolMIPSActel\SoftConsole\MSS1_MSS_CM3\MSS1_MSS_CM3_hw_platform\Release\libMSS1_MSS_CM3_hw_platform.a(mss_gpio.o)
 .debug_info    0x00004231      0xc3d C:\ActelProjects\SchoolMIPSActel\SchoolMIPSActel\SoftConsole\MSS1_MSS_CM3\MSS1_MSS_CM3_hw_platform\Release\libMSS1_MSS_CM3_hw_platform.a(system_m2sxxx.o)

.debug_abbrev   0x00000000      0x9ab
 *(.debug_abbrev)
 .debug_abbrev  0x00000000      0x24c C:/ActelProjects/SchoolMIPSActel/SchoolMIPSActel/SoftConsole/MSS1_MSS_CM3/MSS1_MSS_CM3_hw_platform/Release/CMSIS/startup_gcc/newlib_stubs.o
 .debug_abbrev  0x0000024c      0x39f C:\ActelProjects\SchoolMIPSActel\SchoolMIPSActel\SoftConsole\MSS1_MSS_CM3\MSS1_MSS_CM3_hw_platform\Release\libMSS1_MSS_CM3_hw_platform.a(mss_uart.o)
 .debug_abbrev  0x000005eb      0x1e2 C:\ActelProjects\SchoolMIPSActel\SchoolMIPSActel\SoftConsole\MSS1_MSS_CM3\MSS1_MSS_CM3_hw_platform\Release\libMSS1_MSS_CM3_hw_platform.a(mss_gpio.o)
 .debug_abbrev  0x000007cd      0x1de C:\ActelProjects\SchoolMIPSActel\SchoolMIPSActel\SoftConsole\MSS1_MSS_CM3\MSS1_MSS_CM3_hw_platform\Release\libMSS1_MSS_CM3_hw_platform.a(system_m2sxxx.o)

.debug_line     0x00000000     0x13e6
 *(.debug_line)
 .debug_line    0x00000000      0x24f C:/ActelProjects/SchoolMIPSActel/SchoolMIPSActel/SoftConsole/MSS1_MSS_CM3/MSS1_MSS_CM3_hw_platform/Release/CMSIS/startup_gcc/newlib_stubs.o
 .debug_line    0x0000024f      0xdbb C:\ActelProjects\SchoolMIPSActel\SchoolMIPSActel\SoftConsole\MSS1_MSS_CM3\MSS1_MSS_CM3_hw_platform\Release\libMSS1_MSS_CM3_hw_platform.a(mss_uart.o)
 .debug_line    0x0000100a      0x25b C:\ActelProjects\SchoolMIPSActel\SchoolMIPSActel\SoftConsole\MSS1_MSS_CM3\MSS1_MSS_CM3_hw_platform\Release\libMSS1_MSS_CM3_hw_platform.a(mss_gpio.o)
 .debug_line    0x00001265      0x181 C:\ActelProjects\SchoolMIPSActel\SchoolMIPSActel\SoftConsole\MSS1_MSS_CM3\MSS1_MSS_CM3_hw_platform\Release\libMSS1_MSS_CM3_hw_platform.a(system_m2sxxx.o)

.debug_frame    0x00000000      0x6e4
 *(.debug_frame)
 .debug_frame   0x00000000      0x160 C:/ActelProjects/SchoolMIPSActel/SchoolMIPSActel/SoftConsole/MSS1_MSS_CM3/MSS1_MSS_CM3_hw_platform/Release/CMSIS/startup_gcc/newlib_stubs.o
 .debug_frame   0x00000160      0x458 C:\ActelProjects\SchoolMIPSActel\SchoolMIPSActel\SoftConsole\MSS1_MSS_CM3\MSS1_MSS_CM3_hw_platform\Release\libMSS1_MSS_CM3_hw_platform.a(mss_uart.o)
 .debug_frame   0x000005b8       0xa0 C:\ActelProjects\SchoolMIPSActel\SchoolMIPSActel\SoftConsole\MSS1_MSS_CM3\MSS1_MSS_CM3_hw_platform\Release\libMSS1_MSS_CM3_hw_platform.a(mss_gpio.o)
 .debug_frame   0x00000658       0x40 C:\ActelProjects\SchoolMIPSActel\SchoolMIPSActel\SoftConsole\MSS1_MSS_CM3\MSS1_MSS_CM3_hw_platform\Release\libMSS1_MSS_CM3_hw_platform.a(system_m2sxxx.o)
 .debug_frame   0x00000698       0x20 c:/program files (x86)/microsemi/softconsole v3.4/sourcery-g++/bin/../lib/gcc/arm-none-eabi/4.4.1/../../../../arm-none-eabi/lib/thumb2\libc.a(lib_a-errno.o)
 .debug_frame   0x000006b8       0x2c c:/program files (x86)/microsemi/softconsole v3.4/sourcery-g++/bin/../lib/gcc/arm-none-eabi/4.4.1/../../../../arm-none-eabi/lib/thumb2\libc.a(lib_a-init.o)

.debug_str      0x00000000     0x20ee
 *(.debug_str)
 .debug_str     0x00000000      0x2c7 C:/ActelProjects/SchoolMIPSActel/SchoolMIPSActel/SoftConsole/MSS1_MSS_CM3/MSS1_MSS_CM3_hw_platform/Release/CMSIS/startup_gcc/newlib_stubs.o
                                0x33e (size before relaxing)
 .debug_str     0x000002c7     0x17d7 C:\ActelProjects\SchoolMIPSActel\SchoolMIPSActel\SoftConsole\MSS1_MSS_CM3\MSS1_MSS_CM3_hw_platform\Release\libMSS1_MSS_CM3_hw_platform.a(mss_uart.o)
                               0x19a4 (size before relaxing)
 .debug_str     0x00001a9e      0x472 C:\ActelProjects\SchoolMIPSActel\SchoolMIPSActel\SoftConsole\MSS1_MSS_CM3\MSS1_MSS_CM3_hw_platform\Release\libMSS1_MSS_CM3_hw_platform.a(mss_gpio.o)
                               0x121e (size before relaxing)
 .debug_str     0x00001f10      0x1de C:\ActelProjects\SchoolMIPSActel\SchoolMIPSActel\SoftConsole\MSS1_MSS_CM3\MSS1_MSS_CM3_hw_platform\Release\libMSS1_MSS_CM3_hw_platform.a(system_m2sxxx.o)
                                0xa1e (size before relaxing)

.debug_loc      0x00000000     0x1150
 *(.debug_loc)
 .debug_loc     0x00000000      0x257 C:/ActelProjects/SchoolMIPSActel/SchoolMIPSActel/SoftConsole/MSS1_MSS_CM3/MSS1_MSS_CM3_hw_platform/Release/CMSIS/startup_gcc/newlib_stubs.o
 .debug_loc     0x00000257      0xc75 C:\ActelProjects\SchoolMIPSActel\SchoolMIPSActel\SoftConsole\MSS1_MSS_CM3\MSS1_MSS_CM3_hw_platform\Release\libMSS1_MSS_CM3_hw_platform.a(mss_uart.o)
 .debug_loc     0x00000ecc      0x228 C:\ActelProjects\SchoolMIPSActel\SchoolMIPSActel\SoftConsole\MSS1_MSS_CM3\MSS1_MSS_CM3_hw_platform\Release\libMSS1_MSS_CM3_hw_platform.a(mss_gpio.o)
 .debug_loc     0x000010f4       0x5c C:\ActelProjects\SchoolMIPSActel\SchoolMIPSActel\SoftConsole\MSS1_MSS_CM3\MSS1_MSS_CM3_hw_platform\Release\libMSS1_MSS_CM3_hw_platform.a(system_m2sxxx.o)

.debug_macinfo
 *(.debug_macinfo)

.debug_weaknames
 *(.debug_weaknames)

.debug_funcnames
 *(.debug_funcnames)

.debug_typenames
 *(.debug_typenames)

.debug_varnames
 *(.debug_varnames)

.note.gnu.arm.ident
 *(.note.gnu.arm.ident)

.ARM.attributes
                0x00000000       0x25
 *(.ARM.attributes)
 .ARM.attributes
                0x00000000       0x19 c:/program files (x86)/microsemi/softconsole v3.4/sourcery-g++/bin/../lib/gcc/arm-none-eabi/4.4.1/thumb2/crti.o
 .ARM.attributes
                0x00000019       0x29 c:/program files (x86)/microsemi/softconsole v3.4/sourcery-g++/bin/../lib/gcc/arm-none-eabi/4.4.1/thumb2/crtbegin.o
 .ARM.attributes
                0x00000042       0x31 ./main.o
 .ARM.attributes
                0x00000073       0x21 C:/ActelProjects/SchoolMIPSActel/SchoolMIPSActel/SoftConsole/MSS1_MSS_CM3/MSS1_MSS_CM3_hw_platform/Release/CMSIS/startup_gcc/startup_m2sxxx.o
 .ARM.attributes
                0x00000094       0x31 C:/ActelProjects/SchoolMIPSActel/SchoolMIPSActel/SoftConsole/MSS1_MSS_CM3/MSS1_MSS_CM3_hw_platform/Release/CMSIS/startup_gcc/newlib_stubs.o
 .ARM.attributes
                0x000000c5       0x31 C:\ActelProjects\SchoolMIPSActel\SchoolMIPSActel\SoftConsole\MSS1_MSS_CM3\MSS1_MSS_CM3_hw_platform\Release\libMSS1_MSS_CM3_hw_platform.a(mss_uart.o)
 .ARM.attributes
                0x000000f6       0x31 C:\ActelProjects\SchoolMIPSActel\SchoolMIPSActel\SoftConsole\MSS1_MSS_CM3\MSS1_MSS_CM3_hw_platform\Release\libMSS1_MSS_CM3_hw_platform.a(mss_gpio.o)
 .ARM.attributes
                0x00000127       0x31 C:\ActelProjects\SchoolMIPSActel\SchoolMIPSActel\SoftConsole\MSS1_MSS_CM3\MSS1_MSS_CM3_hw_platform\Release\libMSS1_MSS_CM3_hw_platform.a(system_m2sxxx.o)
 .ARM.attributes
                0x00000158       0x29 c:/program files (x86)/microsemi/softconsole v3.4/sourcery-g++/bin/../lib/gcc/arm-none-eabi/4.4.1/../../../../arm-none-eabi/lib/thumb2\libc.a(lib_a-errno.o)
 .ARM.attributes
                0x00000181       0x29 c:/program files (x86)/microsemi/softconsole v3.4/sourcery-g++/bin/../lib/gcc/arm-none-eabi/4.4.1/../../../../arm-none-eabi/lib/thumb2\libc.a(lib_a-impure.o)
 .ARM.attributes
                0x000001aa       0x29 c:/program files (x86)/microsemi/softconsole v3.4/sourcery-g++/bin/../lib/gcc/arm-none-eabi/4.4.1/../../../../arm-none-eabi/lib/thumb2\libc.a(lib_a-init.o)
 .ARM.attributes
                0x000001d3       0x29 c:/program files (x86)/microsemi/softconsole v3.4/sourcery-g++/bin/../lib/gcc/arm-none-eabi/4.4.1/thumb2/crtend.o
 .ARM.attributes
                0x000001fc       0x19 c:/program files (x86)/microsemi/softconsole v3.4/sourcery-g++/bin/../lib/gcc/arm-none-eabi/4.4.1/thumb2/crtn.o

/DISCARD/
 *(.note.GNU-stack)
OUTPUT(MSS1_MSS_CM3_app elf32-littlearm)

.debug_ranges   0x00000000      0xe18
 .debug_ranges  0x00000000       0xa0 C:/ActelProjects/SchoolMIPSActel/SchoolMIPSActel/SoftConsole/MSS1_MSS_CM3/MSS1_MSS_CM3_hw_platform/Release/CMSIS/startup_gcc/newlib_stubs.o
 .debug_ranges  0x000000a0      0xc08 C:\ActelProjects\SchoolMIPSActel\SchoolMIPSActel\SoftConsole\MSS1_MSS_CM3\MSS1_MSS_CM3_hw_platform\Release\libMSS1_MSS_CM3_hw_platform.a(mss_uart.o)
 .debug_ranges  0x00000ca8       0xd8 C:\ActelProjects\SchoolMIPSActel\SchoolMIPSActel\SoftConsole\MSS1_MSS_CM3\MSS1_MSS_CM3_hw_platform\Release\libMSS1_MSS_CM3_hw_platform.a(mss_gpio.o)
 .debug_ranges  0x00000d80       0x98 C:\ActelProjects\SchoolMIPSActel\SchoolMIPSActel\SoftConsole\MSS1_MSS_CM3\MSS1_MSS_CM3_hw_platform\Release\libMSS1_MSS_CM3_hw_platform.a(system_m2sxxx.o)
